
> my-v0-project@0.1.0 build
> next build

   Ôû▓ Next.js 15.5.15
   - Environments: .env.local
   - Experiments (use with caution):
     ┬À clientTraceMetadata

   Creating an optimized production build ...
node.exe : ÔÜá DEPRECATION NOTICE: This functionality will be removed in a 
future version of `sentry-cli`. Use the `sourcemaps` command instead.
En línea: 1 Carácter: 1
+ & "C:\Program Files\nodejs/node.exe" "C:\Program Files\nodejs/node_mo ...
+ ~~~~~~~~~~~~~~~~~~~~~~~~~~~~~~~~~~~~~~~~~~~~~~~~~~~~~~~~~~~~~~~~~~~~~
    + CategoryInfo          : NotSpecified: (ÔÜá DEPRECATION...ommand instead. 
   :String) [], RemoteException
    + FullyQualifiedErrorId : NativeCommandError
 
> Found 240 files
> Analyzing 240 sources
> Adding source map references
> Bundled 240 files for upload
> Bundle ID: e15c0cdc-bf10-5f3a-981d-9776f8ae19cf
> Nothing to upload, all files are on the server
> File processing complete
> Organization: hopeai-rh
> Projects: sentry-indigo-umbrella
> Release: c35dfbfd3a1ccd0bcfde7a1a1de4afb65c413f77
> Dist: None
> Upload type: artifact bundle

Source Map Upload Report
  Scripts
    ~/01ce55dc-2e89-48d5-b75f-eddab39634dd-29.js (sourcemap at 1764.js.map, debug id 01ce55dc-2e89-48d5-b75f-eddab39634dd)
    ~/08bd4838-15d1-4c9f-8db3-dd71579facb1-42.js (sourcemap at 2905.js.map, debug id 08bd4838-15d1-4c9f-8db3-dd71579facb1)
    ~/0942e2ba-46e6-4ae1-8552-0131e23c7fbb-50.js (sourcemap at 3501.js.map, debug id 0942e2ba-46e6-4ae1-8552-0131e23c7fbb)
    ~/0a483405-f9b1-42e0-8ede-335a8693eedc-103.js (sourcemap at 8500.js.map, debug id 0a483405-f9b1-42e0-8ede-335a8693eedc)
    ~/0bc3e82b-9378-4d6e-9d57-8c4453755f0a-67.js (sourcemap at 4814.js.map, debug id 0bc3e82b-9378-4d6e-9d57-8c4453755f0a)
    ~/0c676b04-848e-42fa-90ce-0776b4664a88-59.js (sourcemap at 4522.js.map, debug id 0c676b04-848e-42fa-90ce-0776b4664a88)
    ~/0ecd86f9-8b54-4609-b48c-faaca9cf2cf3-56.js (sourcemap at 4314.js.map, debug id 0ecd86f9-8b54-4609-b48c-faaca9cf2cf3)
    ~/0f10eb5a-b43f-4793-91c8-0ea1315a3746-114.js (sourcemap at _app.js.map, debug id 0f10eb5a-b43f-4793-91c8-0ea1315a3746)
    ~/126445af-3e09-42d6-a76f-0dbebf42ffbb-31.js (sourcemap at 1948.js.map, debug id 126445af-3e09-42d6-a76f-0dbebf42ffbb)
    ~/13219655-4115-48da-baec-f967b606cdde-44.js (sourcemap at 2911.js.map, debug id 13219655-4115-48da-baec-f967b606cdde)
    ~/1465476d-43ff-4c31-9088-703500a80fa4-53.js (sourcemap at 4076.js.map, debug id 1465476d-43ff-4c31-9088-703500a80fa4)
    ~/16604cda-0827-463d-91ce-c79f22986c27-54.js (sourcemap at 4263.js.map, debug id 16604cda-0827-463d-91ce-c79f22986c27)
    ~/18eb07ea-8c49-4934-84fa-8a4b7fe52fb2-107.js (sourcemap at 8884.js.map, debug id 18eb07ea-8c49-4934-84fa-8a4b7fe52fb2)
    ~/1ddeb34c-6306-4abd-9537-1f247f0973d1-52.js (sourcemap at 403.js.map, debug id 1ddeb34c-6306-4abd-9537-1f247f0973d1)
    ~/27017167-5c79-4daf-813d-f9b1bc03cad4-96.js (sourcemap at 778.js.map, debug id 27017167-5c79-4daf-813d-f9b1bc03cad4)
    ~/2bcf8ad2-0c3c-4177-9065-14fed6747446-32.js (sourcemap at 1976.js.map, debug id 2bcf8ad2-0c3c-4177-9065-14fed6747446)
    ~/2ebfc4c3-cd5e-4a4a-a07c-49d2ad49b0ac-17.js (sourcemap at route.js.map, debug id 2ebfc4c3-cd5e-4a4a-a07c-49d2ad49b0ac)
    ~/2fed4a18-64f1-47e8-9860-fc3ee9a9e896-79.js (sourcemap at 6215.js.map, debug id 2fed4a18-64f1-47e8-9860-fc3ee9a9e896)
    ~/3bcdffa0-65e0-41ac-98af-c3f3319001d5-61.js (sourcemap at 4621.js.map, debug id 3bcdffa0-65e0-41ac-98af-c3f3319001d5)
    ~/3de5c74e-8627-41b5-97f7-b325dfcddeb9-64.js (sourcemap at 470.js.map, debug id 3de5c74e-8627-41b5-97f7-b325dfcddeb9)
    ~/3ee4bb78-fbe4-4bc4-b7f7-ac64729b5f8b-20.js (sourcemap at page.js.map, debug id 3ee4bb78-fbe4-4bc4-b7f7-ac64729b5f8b)
    ~/3fc08e50-b9bc-4a1d-90f0-845195473224-21.js (sourcemap at page.js.map, debug id 3fc08e50-b9bc-4a1d-90f0-845195473224)
    ~/435feab1-3223-42d5-ad5d-84281b0656f6-19.js (sourcemap at route.js.map, debug id 435feab1-3223-42d5-ad5d-84281b0656f6)
    ~/45d72e6d-7e97-4242-944c-40be326ef32d-66.js (sourcemap at 4813.js.map, debug id 45d72e6d-7e97-4242-944c-40be326ef32d)
    ~/4748b0d4-a912-4c8e-981f-b1a8de9f448c-11.js (sourcemap at route.js.map, debug id 4748b0d4-a912-4c8e-981f-b1a8de9f448c)
    ~/4cf9fd65-adba-4e33-aab7-c9859e1c0c8a-112.js (sourcemap at 9417.js.map, debug id 4cf9fd65-adba-4e33-aab7-c9859e1c0c8a)
    ~/4daae854-8259-47df-9547-f38a15cfe577-47.js (sourcemap at 3256.js.map, debug id 4daae854-8259-47df-9547-f38a15cfe577)
    ~/4df8ce36-8f19-44ff-928a-e5115d859717-12.js (sourcemap at route.js.map, debug id 4df8ce36-8f19-44ff-928a-e5115d859717)
    ~/4e2f5e03-0c37-40bc-995d-3c598097a664-46.js (sourcemap at 3217.js.map, debug id 4e2f5e03-0c37-40bc-995d-3c598097a664)
    ~/530fc796-af49-4f7d-8089-da05b83aaac0-105.js (sourcemap at 8645.js.map, debug id 530fc796-af49-4f7d-8089-da05b83aaac0)
    ~/54b03e25-b448-47c4-9790-05d49826450d-9.js (sourcemap at route.js.map, debug id 54b03e25-b448-47c4-9790-05d49826450d)
    ~/58b85baa-3767-49d3-ad9e-bf028f42b293-90.js (sourcemap at 7430.js.map, debug id 58b85baa-3767-49d3-ad9e-bf028f42b293)
    ~/59991a39-e883-483d-b2c2-44a1a9dc1868-25.js (sourcemap at 1265.js.map, debug id 59991a39-e883-483d-b2c2-44a1a9dc1868)
    ~/5e216886-924d-4ae3-919e-33aa50541637-109.js (sourcemap at 9250.js.map, debug id 5e216886-924d-4ae3-919e-33aa50541637)
    ~/60560cf4-c450-453a-af75-b09bc65036d6-36.js (sourcemap at 2359.js.map, debug id 60560cf4-c450-453a-af75-b09bc65036d6)
    ~/62887e4e-c88f-451a-8554-429999c51153-62.js (sourcemap at 4627.js.map, debug id 62887e4e-c88f-451a-8554-429999c51153)
    ~/62eaf695-ea39-44c7-814e-dc7328911ece-111.js (sourcemap at 9383.js.map, debug id 62eaf695-ea39-44c7-814e-dc7328911ece)
    ~/63fc4f43-7e2f-43f0-812c-038a461b00e7-110.js (sourcemap at 926.js.map, debug id 63fc4f43-7e2f-43f0-812c-038a461b00e7)
    ~/65936a5c-280d-4412-971b-2cdbd93ee62b-5.js (sourcemap at route.js.map, debug id 65936a5c-280d-4412-971b-2cdbd93ee62b)
    ~/6b15b89f-ff70-4183-ad97-f07d5fa8494b-120.js (sourcemap at webpack-runtime.js.map, debug id 6b15b89f-ff70-4183-ad97-f07d5fa8494b)
    ~/72607c7f-b68a-4d3e-9d85-9bfcc7bd80cf-100.js (sourcemap at 8000.js.map, debug id 72607c7f-b68a-4d3e-9d85-9bfcc7bd80cf)
    ~/768bb051-9c0b-47c1-8bd2-8d712321ae2c-113.js (sourcemap at instrumentation.js.map, debug id 768bb051-9c0b-47c1-8bd2-8d712321ae2c)
    ~/777c6e1b-42a0-40bc-9fd9-ac5c1f230ae6-116.js (sourcemap at _error.js.map, debug id 777c6e1b-42a0-40bc-9fd9-ac5c1f230ae6)
    ~/7a49838a-0517-4743-9d1b-6eec73551611-39.js (sourcemap at 2752.js.map, debug id 7a49838a-0517-4743-9d1b-6eec73551611)
    ~/7aa5658d-e86f-4638-a0a9-9409669f19bc-30.js (sourcemap at 1927.js.map, debug id 7aa5658d-e86f-4638-a0a9-9409669f19bc)
    ~/7f39eed5-24b2-4914-a14b-bca1fdb34e02-33.js (sourcemap at 2065.js.map, debug id 7f39eed5-24b2-4914-a14b-bca1fdb34e02)
    ~/83ffeb27-cead-4da9-87c3-518228c00ee3-1.js (sourcemap at route.js.map, debug id 83ffeb27-cead-4da9-87c3-518228c00ee3)
    ~/85622f66-f4f7-4e15-bad1-f4ee98c21957-119.js (sourcemap at webpack-api-runtime.js.map, debug id 85622f66-f4f7-4e15-bad1-f4ee98c21957)
    ~/8778a933-8873-469b-91d9-3de57244484b-78.js (sourcemap at 6197.js.map, debug id 8778a933-8873-469b-91d9-3de57244484b)
    ~/87bdf03c-08df-4c10-968b-c68af59c3eaf-23.js (sourcemap at 1083.js.map, debug id 87bdf03c-08df-4c10-968b-c68af59c3eaf)
    ~/8b8fc9e0-6c4a-431e-a259-5012dd639349-4.js (sourcemap at route.js.map, debug id 8b8fc9e0-6c4a-431e-a259-5012dd639349)
    ~/8d0c2aea-2e0b-41b1-9a88-66a5fd714deb-81.js (sourcemap at 6466.js.map, debug id 8d0c2aea-2e0b-41b1-9a88-66a5fd714deb)
    ~/94ab8264-4442-4840-a2fc-453ef101dae0-69.js (sourcemap at 4999.js.map, debug id 94ab8264-4442-4840-a2fc-453ef101dae0)
    ~/9593e857-5733-4e51-8f0c-14d731f2825c-8.js (sourcemap at route.js.map, debug id 9593e857-5733-4e51-8f0c-14d731f2825c)
    ~/973d0632-2348-4045-91c5-327f68ddd88f-88.js (sourcemap at 7322.js.map, debug id 973d0632-2348-4045-91c5-327f68ddd88f)
    ~/99ce1562-27e1-48de-a84d-3e1f093a1dc8-26.js (sourcemap at 1340.js.map, debug id 99ce1562-27e1-48de-a84d-3e1f093a1dc8)
    ~/9b6932fe-aa3a-4d66-9058-c29980ec24ff-106.js (sourcemap at 8874.js.map, debug id 9b6932fe-aa3a-4d66-9058-c29980ec24ff)
    ~/9b838033-23ef-4225-bd93-70c5cd3dfffe-83.js (sourcemap at 6519.js.map, debug id 9b838033-23ef-4225-bd93-70c5cd3dfffe)
    ~/9c445810-a879-4b8b-aedf-bcf16be370c1-115.js (sourcemap at _document.js.map, debug id 9c445810-a879-4b8b-aedf-bcf16be370c1)
    ~/9d00cdde-ab8d-4a2b-969b-0622dd97c2f5-22.js (sourcemap at page.js.map, debug id 9d00cdde-ab8d-4a2b-969b-0622dd97c2f5)
    ~/9ffc1bd2-d361-4081-a780-9c52293def23-6.js (sourcemap at route.js.map, debug id 9ffc1bd2-d361-4081-a780-9c52293def23)
    ~/a07faafe-187b-4b17-b5f9-dc0b85162335-60.js (sourcemap at 4583.js.map, debug id a07faafe-187b-4b17-b5f9-dc0b85162335)
    ~/a0a0509b-fe7d-4303-953f-c3b8c4ff3b49-71.js (sourcemap at 5100.js.map, debug id a0a0509b-fe7d-4303-953f-c3b8c4ff3b49)
    ~/a0f3e4e1-0664-45e4-b8b7-38f0494d53b9-101.js (sourcemap at 8210.js.map, debug id a0f3e4e1-0664-45e4-b8b7-38f0494d53b9)
    ~/a461622a-5a3c-4cb0-8459-9a6d3a7a08b3-102.js (sourcemap at 8285.js.map, debug id a461622a-5a3c-4cb0-8459-9a6d3a7a08b3)
    ~/a93672f0-e69a-4f07-8bcb-1c412249cca0-13.js (sourcemap at route.js.map, debug id a93672f0-e69a-4f07-8bcb-1c412249cca0)
    ~/ab174094-831d-4dee-944c-9db4a71e5818-85.js (sourcemap at 6747.js.map, debug id ab174094-831d-4dee-944c-9db4a71e5818)
    ~/ac2fea36-68eb-400a-b42a-fcf8a3fe6a6e-28.js (sourcemap at 1545.js.map, debug id ac2fea36-68eb-400a-b42a-fcf8a3fe6a6e)
    ~/aea61136-df46-4550-967e-9f9e88c438fe-40.js (sourcemap at 2855.js.map, debug id aea61136-df46-4550-967e-9f9e88c438fe)
    ~/b4dc17cb-0c49-4ced-bb43-676581b8f02d-98.js (sourcemap at 7973.js.map, debug id b4dc17cb-0c49-4ced-bb43-676581b8f02d)
    ~/b65e2fcc-1054-4ff6-a8ba-6c41255f0e1d-27.js (sourcemap at 1510.js.map, debug id b65e2fcc-1054-4ff6-a8ba-6c41255f0e1d)
    ~/b6b977f1-6bb9-4e80-abea-78ec096dc39e-48.js (sourcemap at 3398.js.map, debug id b6b977f1-6bb9-4e80-abea-78ec096dc39e)
    ~/b72769a9-7178-4d85-9f4e-db4433a7094a-74.js (sourcemap at 5823.js.map, debug id b72769a9-7178-4d85-9f4e-db4433a7094a)
    ~/b97fc8d2-e91a-4aa8-b505-30c04f90c6a4-63.js (sourcemap at 4654.js.map, debug id b97fc8d2-e91a-4aa8-b505-30c04f90c6a4)
    ~/bb21be1b-fed9-4acb-9a26-4b33a02a1656-70.js (sourcemap at 5090.js.map, debug id bb21be1b-fed9-4acb-9a26-4b33a02a1656)
    ~/bbc0a81c-76d7-4181-94a1-8c92b2ba6b0f-89.js (sourcemap at 7339.js.map, debug id bbc0a81c-76d7-4181-94a1-8c92b2ba6b0f)
    ~/bd8ae3d9-b0c3-45bb-a7f5-5d0f1f8ed3c3-57.js (sourcemap at 4318.js.map, debug id bd8ae3d9-b0c3-45bb-a7f5-5d0f1f8ed3c3)
    ~/bdff155f-8c2c-4705-bf93-092582e77d8c-95.js (sourcemap at 7760.js.map, debug id bdff155f-8c2c-4705-bf93-092582e77d8c)
    ~/c09c9dd4-3648-445d-8a64-53c054347eca-93.js (sourcemap at 7722.js.map, debug id c09c9dd4-3648-445d-8a64-53c054347eca)
    ~/c20261b0-3cb5-4925-9de5-d11e5f68b524-76.js (sourcemap at 5960.js.map, debug id c20261b0-3cb5-4925-9de5-d11e5f68b524)
    ~/c36b04c2-4462-49d0-ad9f-3f9c1a1308fb-68.js (sourcemap at 4980.js.map, debug id c36b04c2-4462-49d0-ad9f-3f9c1a1308fb)
    ~/c43873ca-520a-4bbf-b7b2-788aab7cef5f-41.js (sourcemap at 2901.js.map, debug id c43873ca-520a-4bbf-b7b2-788aab7cef5f)
    ~/c8670b42-987e-4166-9de6-e4e7064f3842-3.js (sourcemap at route.js.map, debug id c8670b42-987e-4166-9de6-e4e7064f3842)
    ~/c9335b68-aafd-4d6c-babc-1b24600d017e-73.js (sourcemap at 5603.js.map, debug id c9335b68-aafd-4d6c-babc-1b24600d017e)
    ~/cb74427f-1f00-4a44-b72f-2d09b137fdfa-104.js (sourcemap at 8598.js.map, debug id cb74427f-1f00-4a44-b72f-2d09b137fdfa)
    ~/cc1e64e5-20a3-408d-a8c1-64d69ef22712-117.js (sourcemap at check-file-status.js.map, debug id cc1e64e5-20a3-408d-a8c1-64d69ef22712)
    ~/cd240846-f37a-4ea5-af11-3405b0247166-108.js (sourcemap at 916.js.map, debug id cd240846-f37a-4ea5-af11-3405b0247166)
    ~/cd35fad9-ba54-4d00-b35a-6496f09589c0-82.js (sourcemap at 6503.js.map, debug id cd35fad9-ba54-4d00-b35a-6496f09589c0)
    ~/cfe75397-10f7-4ea0-abdf-3cf3ae4a542d-38.js (sourcemap at 2624.js.map, debug id cfe75397-10f7-4ea0-abdf-3cf3ae4a542d)
    ~/cfedb37f-98b5-4f1c-b2b5-da73d812daca-77.js (sourcemap at 6141.js.map, debug id cfedb37f-98b5-4f1c-b2b5-da73d812daca)
    ~/d0d9e6c5-c5e7-4ee3-b28a-19a2dc061de1-35.js (sourcemap at 2158.js.map, debug id d0d9e6c5-c5e7-4ee3-b28a-19a2dc061de1)
    ~/d1a5c0b8-53ae-423a-a297-b6f7d26d637d-97.js (sourcemap at 7969.js.map, debug id d1a5c0b8-53ae-423a-a297-b6f7d26d637d)
    ~/d2b2efbb-8f0d-4f9a-b27b-8059bb9e03bc-10.js (sourcemap at route.js.map, debug id d2b2efbb-8f0d-4f9a-b27b-8059bb9e03bc)
    ~/d5018d8a-7a93-484e-8381-f080d37237c5-2.js (sourcemap at route.js.map, debug id d5018d8a-7a93-484e-8381-f080d37237c5)
    ~/d744da65-4f22-40aa-95c5-e82ccf25fbf8-55.js (sourcemap at 4265.js.map, debug id d744da65-4f22-40aa-95c5-e82ccf25fbf8)
    ~/da959196-0486-4d9a-be51-afac0ea26936-72.js (sourcemap at 5591.js.map, debug id da959196-0486-4d9a-be51-afac0ea26936)
    ~/dc17b674-c4fd-4978-901b-d372521b4a09-18.js (sourcemap at route.js.map, debug id dc17b674-c4fd-4978-901b-d372521b4a09)
    ~/dc3a9720-9bc9-4a53-9574-ac9408746a47-84.js (sourcemap at 6583.js.map, debug id dc3a9720-9bc9-4a53-9574-ac9408746a47)
    ~/dca95895-c038-4898-98e1-f5ada36bcb2e-24.js (sourcemap at 111.js.map, debug id dca95895-c038-4898-98e1-f5ada36bcb2e)
    ~/dcb07f6b-618a-44e6-9a67-551239e71f23-14.js (sourcemap at route.js.map, debug id dcb07f6b-618a-44e6-9a67-551239e71f23)
    ~/dcec351d-80f9-4ad5-bafe-800f5bea71b3-94.js (sourcemap at 7750.js.map, debug id dcec351d-80f9-4ad5-bafe-800f5bea71b3)
    ~/df0041da-e696-4125-948e-45e51d696c52-49.js (sourcemap at 3496.js.map, debug id df0041da-e696-4125-948e-45e51d696c52)
    ~/e2b8265e-d9ff-4e13-8781-20d4610b3e3f-15.js (sourcemap at route.js.map, debug id e2b8265e-d9ff-4e13-8781-20d4610b3e3f)
    ~/e393c23f-29fd-4856-8fb0-d5d3b9bea5b7-87.js (sourcemap at 7002.js.map, debug id e393c23f-29fd-4856-8fb0-d5d3b9bea5b7)
    ~/e96567ba-d00c-4075-922e-c944f72beec2-99.js (sourcemap at 7988.js.map, debug id e96567ba-d00c-4075-922e-c944f72beec2)
    ~/ea800643-933d-4467-88ce-cf1eec9dc7a2-51.js (sourcemap at 369.js.map, debug id ea800643-933d-4467-88ce-cf1eec9dc7a2)
    ~/eb682740-1149-43a9-8606-33cb23a42052-16.js (sourcemap at route.js.map, debug id eb682740-1149-43a9-8606-33cb23a42052)
    ~/ed235868-fe0c-4733-a514-754b9bed0a2e-45.js (sourcemap at 3125.js.map, debug id ed235868-fe0c-4733-a514-754b9bed0a2e)
    ~/edf52cde-196f-4496-af53-5d38350dff2f-58.js (sourcemap at 4438.js.map, debug id edf52cde-196f-4496-af53-5d38350dff2f)
    ~/ee9ec593-5ca4-4bcf-8f1d-4163417664df-65.js (sourcemap at 4726.js.map, debug id ee9ec593-5ca4-4bcf-8f1d-4163417664df)
    ~/f047d684-81e7-4ded-806b-3641122eceb8-80.js (sourcemap at 639.js.map, debug id f047d684-81e7-4ded-806b-3641122eceb8)
    ~/f082e27e-0220-4cb7-9dc3-ccfc8f9c6ade-0.js (sourcemap at page.js.map, debug id f082e27e-0220-4cb7-9dc3-ccfc8f9c6ade)
    ~/f2c67abc-224c-4c48-973e-8b8a8a78a772-34.js (sourcemap at 207.js.map, debug id f2c67abc-224c-4c48-973e-8b8a8a78a772)
    ~/f843f362-c91d-410f-9b06-13a315e89204-7.js (sourcemap at route.js.map, debug id f843f362-c91d-410f-9b06-13a315e89204)
    ~/fa3db823-4dda-44d9-941d-e93da95f5ca0-86.js (sourcemap at 6768.js.map, debug id fa3db823-4dda-44d9-941d-e93da95f5ca0)
    ~/fc859d2e-ff88-4c65-aba8-de9373a5835c-91.js (sourcemap at 7532.js.map, debug id fc859d2e-ff88-4c65-aba8-de9373a5835c)
    ~/fcaf6fb4-20b9-44a5-9555-2880e6673a73-43.js (sourcemap at 2908.js.map, debug id fcaf6fb4-20b9-44a5-9555-2880e6673a73)
    ~/fd8eccd6-9100-40d9-b752-f9f7ede4a3ee-37.js (sourcemap at 243.js.map, debug id fd8eccd6-9100-40d9-b752-f9f7ede4a3ee)
    ~/fee296e5-6ef3-4431-a566-48c4c00cba2d-75.js (sourcemap at 5924.js.map, debug id fee296e5-6ef3-4431-a566-48c4c00cba2d)
    ~/ff39c99a-4058-414f-b88d-967fa8c3d352-92.js (sourcemap at 759.js.map, debug id ff39c99a-4058-414f-b88d-967fa8c3d352)
  Source Maps
    ~/01ce55dc-2e89-48d5-b75f-eddab39634dd-29.js.map (debug id 01ce55dc-2e89-48d5-b75f-eddab39634dd)
    ~/08bd4838-15d1-4c9f-8db3-dd71579facb1-42.js.map (debug id 08bd4838-15d1-4c9f-8db3-dd71579facb1)
    ~/0942e2ba-46e6-4ae1-8552-0131e23c7fbb-50.js.map (debug id 0942e2ba-46e6-4ae1-8552-0131e23c7fbb)
    ~/0a483405-f9b1-42e0-8ede-335a8693eedc-103.js.map (debug id 0a483405-f9b1-42e0-8ede-335a8693eedc)
    ~/0bc3e82b-9378-4d6e-9d57-8c4453755f0a-67.js.map (debug id 0bc3e82b-9378-4d6e-9d57-8c4453755f0a)
    ~/0c676b04-848e-42fa-90ce-0776b4664a88-59.js.map (debug id 0c676b04-848e-42fa-90ce-0776b4664a88)
    ~/0ecd86f9-8b54-4609-b48c-faaca9cf2cf3-56.js.map (debug id 0ecd86f9-8b54-4609-b48c-faaca9cf2cf3)
    ~/0f10eb5a-b43f-4793-91c8-0ea1315a3746-114.js.map (debug id 0f10eb5a-b43f-4793-91c8-0ea1315a3746)
    ~/126445af-3e09-42d6-a76f-0dbebf42ffbb-31.js.map (debug id 126445af-3e09-42d6-a76f-0dbebf42ffbb)
    ~/13219655-4115-48da-baec-f967b606cdde-44.js.map (debug id 13219655-4115-48da-baec-f967b606cdde)
    ~/1465476d-43ff-4c31-9088-703500a80fa4-53.js.map (debug id 1465476d-43ff-4c31-9088-703500a80fa4)
    ~/16604cda-0827-463d-91ce-c79f22986c27-54.js.map (debug id 16604cda-0827-463d-91ce-c79f22986c27)
    ~/18eb07ea-8c49-4934-84fa-8a4b7fe52fb2-107.js.map (debug id 18eb07ea-8c49-4934-84fa-8a4b7fe52fb2)
    ~/1ddeb34c-6306-4abd-9537-1f247f0973d1-52.js.map (debug id 1ddeb34c-6306-4abd-9537-1f247f0973d1)
    ~/27017167-5c79-4daf-813d-f9b1bc03cad4-96.js.map (debug id 27017167-5c79-4daf-813d-f9b1bc03cad4)
    ~/2bcf8ad2-0c3c-4177-9065-14fed6747446-32.js.map (debug id 2bcf8ad2-0c3c-4177-9065-14fed6747446)
    ~/2ebfc4c3-cd5e-4a4a-a07c-49d2ad49b0ac-17.js.map (debug id 2ebfc4c3-cd5e-4a4a-a07c-49d2ad49b0ac)
    ~/2fed4a18-64f1-47e8-9860-fc3ee9a9e896-79.js.map (debug id 2fed4a18-64f1-47e8-9860-fc3ee9a9e896)
    ~/3bcdffa0-65e0-41ac-98af-c3f3319001d5-61.js.map (debug id 3bcdffa0-65e0-41ac-98af-c3f3319001d5)
    ~/3de5c74e-8627-41b5-97f7-b325dfcddeb9-64.js.map (debug id 3de5c74e-8627-41b5-97f7-b325dfcddeb9)
    ~/3ee4bb78-fbe4-4bc4-b7f7-ac64729b5f8b-20.js.map (debug id 3ee4bb78-fbe4-4bc4-b7f7-ac64729b5f8b)
    ~/3fc08e50-b9bc-4a1d-90f0-845195473224-21.js.map (debug id 3fc08e50-b9bc-4a1d-90f0-845195473224)
    ~/435feab1-3223-42d5-ad5d-84281b0656f6-19.js.map (debug id 435feab1-3223-42d5-ad5d-84281b0656f6)
    ~/45d72e6d-7e97-4242-944c-40be326ef32d-66.js.map (debug id 45d72e6d-7e97-4242-944c-40be326ef32d)
    ~/4748b0d4-a912-4c8e-981f-b1a8de9f448c-11.js.map (debug id 4748b0d4-a912-4c8e-981f-b1a8de9f448c)
    ~/4cf9fd65-adba-4e33-aab7-c9859e1c0c8a-112.js.map (debug id 4cf9fd65-adba-4e33-aab7-c9859e1c0c8a)
    ~/4daae854-8259-47df-9547-f38a15cfe577-47.js.map (debug id 4daae854-8259-47df-9547-f38a15cfe577)
    ~/4df8ce36-8f19-44ff-928a-e5115d859717-12.js.map (debug id 4df8ce36-8f19-44ff-928a-e5115d859717)
    ~/4e2f5e03-0c37-40bc-995d-3c598097a664-46.js.map (debug id 4e2f5e03-0c37-40bc-995d-3c598097a664)
    ~/530fc796-af49-4f7d-8089-da05b83aaac0-105.js.map (debug id 530fc796-af49-4f7d-8089-da05b83aaac0)
    ~/54b03e25-b448-47c4-9790-05d49826450d-9.js.map (debug id 54b03e25-b448-47c4-9790-05d49826450d)
    ~/58b85baa-3767-49d3-ad9e-bf028f42b293-90.js.map (debug id 58b85baa-3767-49d3-ad9e-bf028f42b293)
    ~/59991a39-e883-483d-b2c2-44a1a9dc1868-25.js.map (debug id 59991a39-e883-483d-b2c2-44a1a9dc1868)
    ~/5e216886-924d-4ae3-919e-33aa50541637-109.js.map (debug id 5e216886-924d-4ae3-919e-33aa50541637)
    ~/60560cf4-c450-453a-af75-b09bc65036d6-36.js.map (debug id 60560cf4-c450-453a-af75-b09bc65036d6)
    ~/62887e4e-c88f-451a-8554-429999c51153-62.js.map (debug id 62887e4e-c88f-451a-8554-429999c51153)
    ~/62eaf695-ea39-44c7-814e-dc7328911ece-111.js.map (debug id 62eaf695-ea39-44c7-814e-dc7328911ece)
    ~/63fc4f43-7e2f-43f0-812c-038a461b00e7-110.js.map (debug id 63fc4f43-7e2f-43f0-812c-038a461b00e7)
    ~/65936a5c-280d-4412-971b-2cdbd93ee62b-5.js.map (debug id 65936a5c-280d-4412-971b-2cdbd93ee62b)
    ~/6b15b89f-ff70-4183-ad97-f07d5fa8494b-120.js.map (debug id 6b15b89f-ff70-4183-ad97-f07d5fa8494b)
    ~/72607c7f-b68a-4d3e-9d85-9bfcc7bd80cf-100.js.map (debug id 72607c7f-b68a-4d3e-9d85-9bfcc7bd80cf)
    ~/768bb051-9c0b-47c1-8bd2-8d712321ae2c-113.js.map (debug id 768bb051-9c0b-47c1-8bd2-8d712321ae2c)
    ~/777c6e1b-42a0-40bc-9fd9-ac5c1f230ae6-116.js.map (debug id 777c6e1b-42a0-40bc-9fd9-ac5c1f230ae6)
    ~/7a49838a-0517-4743-9d1b-6eec73551611-39.js.map (debug id 7a49838a-0517-4743-9d1b-6eec73551611)
    ~/7aa5658d-e86f-4638-a0a9-9409669f19bc-30.js.map (debug id 7aa5658d-e86f-4638-a0a9-9409669f19bc)
    ~/7f39eed5-24b2-4914-a14b-bca1fdb34e02-33.js.map (debug id 7f39eed5-24b2-4914-a14b-bca1fdb34e02)
    ~/83ffeb27-cead-4da9-87c3-518228c00ee3-1.js.map (debug id 83ffeb27-cead-4da9-87c3-518228c00ee3)
    ~/85622f66-f4f7-4e15-bad1-f4ee98c21957-119.js.map (debug id 85622f66-f4f7-4e15-bad1-f4ee98c21957)
    ~/8778a933-8873-469b-91d9-3de57244484b-78.js.map (debug id 8778a933-8873-469b-91d9-3de57244484b)
    ~/87bdf03c-08df-4c10-968b-c68af59c3eaf-23.js.map (debug id 87bdf03c-08df-4c10-968b-c68af59c3eaf)
    ~/8b8fc9e0-6c4a-431e-a259-5012dd639349-4.js.map (debug id 8b8fc9e0-6c4a-431e-a259-5012dd639349)
    ~/8d0c2aea-2e0b-41b1-9a88-66a5fd714deb-81.js.map (debug id 8d0c2aea-2e0b-41b1-9a88-66a5fd714deb)
    ~/94ab8264-4442-4840-a2fc-453ef101dae0-69.js.map (debug id 94ab8264-4442-4840-a2fc-453ef101dae0)
    ~/9593e857-5733-4e51-8f0c-14d731f2825c-8.js.map (debug id 9593e857-5733-4e51-8f0c-14d731f2825c)
    ~/973d0632-2348-4045-91c5-327f68ddd88f-88.js.map (debug id 973d0632-2348-4045-91c5-327f68ddd88f)
    ~/99ce1562-27e1-48de-a84d-3e1f093a1dc8-26.js.map (debug id 99ce1562-27e1-48de-a84d-3e1f093a1dc8)
    ~/9b6932fe-aa3a-4d66-9058-c29980ec24ff-106.js.map (debug id 9b6932fe-aa3a-4d66-9058-c29980ec24ff)
    ~/9b838033-23ef-4225-bd93-70c5cd3dfffe-83.js.map (debug id 9b838033-23ef-4225-bd93-70c5cd3dfffe)
    ~/9c445810-a879-4b8b-aedf-bcf16be370c1-115.js.map (debug id 9c445810-a879-4b8b-aedf-bcf16be370c1)
    ~/9d00cdde-ab8d-4a2b-969b-0622dd97c2f5-22.js.map (debug id 9d00cdde-ab8d-4a2b-969b-0622dd97c2f5)
    ~/9ffc1bd2-d361-4081-a780-9c52293def23-6.js.map (debug id 9ffc1bd2-d361-4081-a780-9c52293def23)
    ~/a07faafe-187b-4b17-b5f9-dc0b85162335-60.js.map (debug id a07faafe-187b-4b17-b5f9-dc0b85162335)
    ~/a0a0509b-fe7d-4303-953f-c3b8c4ff3b49-71.js.map (debug id a0a0509b-fe7d-4303-953f-c3b8c4ff3b49)
    ~/a0f3e4e1-0664-45e4-b8b7-38f0494d53b9-101.js.map (debug id a0f3e4e1-0664-45e4-b8b7-38f0494d53b9)
    ~/a461622a-5a3c-4cb0-8459-9a6d3a7a08b3-102.js.map (debug id a461622a-5a3c-4cb0-8459-9a6d3a7a08b3)
    ~/a93672f0-e69a-4f07-8bcb-1c412249cca0-13.js.map (debug id a93672f0-e69a-4f07-8bcb-1c412249cca0)
    ~/ab174094-831d-4dee-944c-9db4a71e5818-85.js.map (debug id ab174094-831d-4dee-944c-9db4a71e5818)
    ~/ac2fea36-68eb-400a-b42a-fcf8a3fe6a6e-28.js.map (debug id ac2fea36-68eb-400a-b42a-fcf8a3fe6a6e)
    ~/aea61136-df46-4550-967e-9f9e88c438fe-40.js.map (debug id aea61136-df46-4550-967e-9f9e88c438fe)
    ~/b4dc17cb-0c49-4ced-bb43-676581b8f02d-98.js.map (debug id b4dc17cb-0c49-4ced-bb43-676581b8f02d)
    ~/b65e2fcc-1054-4ff6-a8ba-6c41255f0e1d-27.js.map (debug id b65e2fcc-1054-4ff6-a8ba-6c41255f0e1d)
    ~/b6b977f1-6bb9-4e80-abea-78ec096dc39e-48.js.map (debug id b6b977f1-6bb9-4e80-abea-78ec096dc39e)
    ~/b72769a9-7178-4d85-9f4e-db4433a7094a-74.js.map (debug id b72769a9-7178-4d85-9f4e-db4433a7094a)
    ~/b97fc8d2-e91a-4aa8-b505-30c04f90c6a4-63.js.map (debug id b97fc8d2-e91a-4aa8-b505-30c04f90c6a4)
    ~/bb21be1b-fed9-4acb-9a26-4b33a02a1656-70.js.map (debug id bb21be1b-fed9-4acb-9a26-4b33a02a1656)
    ~/bbc0a81c-76d7-4181-94a1-8c92b2ba6b0f-89.js.map (debug id bbc0a81c-76d7-4181-94a1-8c92b2ba6b0f)
    ~/bd8ae3d9-b0c3-45bb-a7f5-5d0f1f8ed3c3-57.js.map (debug id bd8ae3d9-b0c3-45bb-a7f5-5d0f1f8ed3c3)
    ~/bdff155f-8c2c-4705-bf93-092582e77d8c-95.js.map (debug id bdff155f-8c2c-4705-bf93-092582e77d8c)
    ~/c09c9dd4-3648-445d-8a64-53c054347eca-93.js.map (debug id c09c9dd4-3648-445d-8a64-53c054347eca)
    ~/c20261b0-3cb5-4925-9de5-d11e5f68b524-76.js.map (debug id c20261b0-3cb5-4925-9de5-d11e5f68b524)
    ~/c36b04c2-4462-49d0-ad9f-3f9c1a1308fb-68.js.map (debug id c36b04c2-4462-49d0-ad9f-3f9c1a1308fb)
    ~/c43873ca-520a-4bbf-b7b2-788aab7cef5f-41.js.map (debug id c43873ca-520a-4bbf-b7b2-788aab7cef5f)
    ~/c8670b42-987e-4166-9de6-e4e7064f3842-3.js.map (debug id c8670b42-987e-4166-9de6-e4e7064f3842)
    ~/c9335b68-aafd-4d6c-babc-1b24600d017e-73.js.map (debug id c9335b68-aafd-4d6c-babc-1b24600d017e)
    ~/cb74427f-1f00-4a44-b72f-2d09b137fdfa-104.js.map (debug id cb74427f-1f00-4a44-b72f-2d09b137fdfa)
    ~/cc1e64e5-20a3-408d-a8c1-64d69ef22712-117.js.map (debug id cc1e64e5-20a3-408d-a8c1-64d69ef22712)
    ~/cd240846-f37a-4ea5-af11-3405b0247166-108.js.map (debug id cd240846-f37a-4ea5-af11-3405b0247166)
    ~/cd35fad9-ba54-4d00-b35a-6496f09589c0-82.js.map (debug id cd35fad9-ba54-4d00-b35a-6496f09589c0)
    ~/cfe75397-10f7-4ea0-abdf-3cf3ae4a542d-38.js.map (debug id cfe75397-10f7-4ea0-abdf-3cf3ae4a542d)
    ~/cfedb37f-98b5-4f1c-b2b5-da73d812daca-77.js.map (debug id cfedb37f-98b5-4f1c-b2b5-da73d812daca)
    ~/d0d9e6c5-c5e7-4ee3-b28a-19a2dc061de1-35.js.map (debug id d0d9e6c5-c5e7-4ee3-b28a-19a2dc061de1)
    ~/d1a5c0b8-53ae-423a-a297-b6f7d26d637d-97.js.map (debug id d1a5c0b8-53ae-423a-a297-b6f7d26d637d)
    ~/d2b2efbb-8f0d-4f9a-b27b-8059bb9e03bc-10.js.map (debug id d2b2efbb-8f0d-4f9a-b27b-8059bb9e03bc)
    ~/d5018d8a-7a93-484e-8381-f080d37237c5-2.js.map (debug id d5018d8a-7a93-484e-8381-f080d37237c5)
    ~/d744da65-4f22-40aa-95c5-e82ccf25fbf8-55.js.map (debug id d744da65-4f22-40aa-95c5-e82ccf25fbf8)
    ~/da959196-0486-4d9a-be51-afac0ea26936-72.js.map (debug id da959196-0486-4d9a-be51-afac0ea26936)
    ~/dc17b674-c4fd-4978-901b-d372521b4a09-18.js.map (debug id dc17b674-c4fd-4978-901b-d372521b4a09)
    ~/dc3a9720-9bc9-4a53-9574-ac9408746a47-84.js.map (debug id dc3a9720-9bc9-4a53-9574-ac9408746a47)
    ~/dca95895-c038-4898-98e1-f5ada36bcb2e-24.js.map (debug id dca95895-c038-4898-98e1-f5ada36bcb2e)
    ~/dcb07f6b-618a-44e6-9a67-551239e71f23-14.js.map (debug id dcb07f6b-618a-44e6-9a67-551239e71f23)
    ~/dcec351d-80f9-4ad5-bafe-800f5bea71b3-94.js.map (debug id dcec351d-80f9-4ad5-bafe-800f5bea71b3)
    ~/df0041da-e696-4125-948e-45e51d696c52-49.js.map (debug id df0041da-e696-4125-948e-45e51d696c52)
    ~/e2b8265e-d9ff-4e13-8781-20d4610b3e3f-15.js.map (debug id e2b8265e-d9ff-4e13-8781-20d4610b3e3f)
    ~/e393c23f-29fd-4856-8fb0-d5d3b9bea5b7-87.js.map (debug id e393c23f-29fd-4856-8fb0-d5d3b9bea5b7)
    ~/e96567ba-d00c-4075-922e-c944f72beec2-99.js.map (debug id e96567ba-d00c-4075-922e-c944f72beec2)
    ~/ea800643-933d-4467-88ce-cf1eec9dc7a2-51.js.map (debug id ea800643-933d-4467-88ce-cf1eec9dc7a2)
    ~/eb682740-1149-43a9-8606-33cb23a42052-16.js.map (debug id eb682740-1149-43a9-8606-33cb23a42052)
    ~/ed235868-fe0c-4733-a514-754b9bed0a2e-45.js.map (debug id ed235868-fe0c-4733-a514-754b9bed0a2e)
    ~/edf52cde-196f-4496-af53-5d38350dff2f-58.js.map (debug id edf52cde-196f-4496-af53-5d38350dff2f)
    ~/ee9ec593-5ca4-4bcf-8f1d-4163417664df-65.js.map (debug id ee9ec593-5ca4-4bcf-8f1d-4163417664df)
    ~/f047d684-81e7-4ded-806b-3641122eceb8-80.js.map (debug id f047d684-81e7-4ded-806b-3641122eceb8)
    ~/f082e27e-0220-4cb7-9dc3-ccfc8f9c6ade-0.js.map (debug id f082e27e-0220-4cb7-9dc3-ccfc8f9c6ade)
    ~/f2c67abc-224c-4c48-973e-8b8a8a78a772-34.js.map (debug id f2c67abc-224c-4c48-973e-8b8a8a78a772)
    ~/f843f362-c91d-410f-9b06-13a315e89204-7.js.map (debug id f843f362-c91d-410f-9b06-13a315e89204)
    ~/fa3db823-4dda-44d9-941d-e93da95f5ca0-86.js.map (debug id fa3db823-4dda-44d9-941d-e93da95f5ca0)
    ~/fc859d2e-ff88-4c65-aba8-de9373a5835c-91.js.map (debug id fc859d2e-ff88-4c65-aba8-de9373a5835c)
    ~/fcaf6fb4-20b9-44a5-9555-2880e6673a73-43.js.map (debug id fcaf6fb4-20b9-44a5-9555-2880e6673a73)
    ~/fd8eccd6-9100-40d9-b752-f9f7ede4a3ee-37.js.map (debug id fd8eccd6-9100-40d9-b752-f9f7ede4a3ee)
    ~/fee296e5-6ef3-4431-a566-48c4c00cba2d-75.js.map (debug id fee296e5-6ef3-4431-a566-48c4c00cba2d)
    ~/ff39c99a-4058-414f-b88d-967fa8c3d352-92.js.map (debug id ff39c99a-4058-414f-b88d-967fa8c3d352)
[@sentry/nextjs - Node.js] Info: Successfully uploaded source maps to Sentry
ÔÜá DEPRECATION NOTICE: This functionality will be removed in a future version 
of `sentry-cli`. Use the `sourcemaps` command instead.
> Found 246 files
> Analyzing 246 sources
> Adding source map references
> Bundled 246 files for upload
> Bundle ID: 00e420a8-c247-54a7-9ba1-fe74b0366a39
> Nothing to upload, all files are on the server
> File processing complete
> Organization: hopeai-rh
> Projects: sentry-indigo-umbrella
> Release: c35dfbfd3a1ccd0bcfde7a1a1de4afb65c413f77
> Dist: None
> Upload type: artifact bundle

Source Map Upload Report
  Scripts
    ~/0026f8f5-e54c-4558-ae7d-1afbd4e89c8e-113.js (sourcemap at edge-instrumentation.js.map, debug id 0026f8f5-e54c-4558-ae7d-1afbd4e89c8e)
    ~/01ce55dc-2e89-48d5-b75f-eddab39634dd-29.js (sourcemap at 1764.js.map, debug id 01ce55dc-2e89-48d5-b75f-eddab39634dd)
    ~/08bd4838-15d1-4c9f-8db3-dd71579facb1-42.js (sourcemap at 2905.js.map, debug id 08bd4838-15d1-4c9f-8db3-dd71579facb1)
    ~/0942e2ba-46e6-4ae1-8552-0131e23c7fbb-50.js (sourcemap at 3501.js.map, debug id 0942e2ba-46e6-4ae1-8552-0131e23c7fbb)
    ~/0a483405-f9b1-42e0-8ede-335a8693eedc-103.js (sourcemap at 8500.js.map, debug id 0a483405-f9b1-42e0-8ede-335a8693eedc)
    ~/0bc3e82b-9378-4d6e-9d57-8c4453755f0a-67.js (sourcemap at 4814.js.map, debug id 0bc3e82b-9378-4d6e-9d57-8c4453755f0a)
    ~/0c676b04-848e-42fa-90ce-0776b4664a88-59.js (sourcemap at 4522.js.map, debug id 0c676b04-848e-42fa-90ce-0776b4664a88)
    ~/0ecd86f9-8b54-4609-b48c-faaca9cf2cf3-56.js (sourcemap at 4314.js.map, debug id 0ecd86f9-8b54-4609-b48c-faaca9cf2cf3)
    ~/0f10eb5a-b43f-4793-91c8-0ea1315a3746-118.js (sourcemap at _app.js.map, debug id 0f10eb5a-b43f-4793-91c8-0ea1315a3746)
    ~/126445af-3e09-42d6-a76f-0dbebf42ffbb-31.js (sourcemap at 1948.js.map, debug id 126445af-3e09-42d6-a76f-0dbebf42ffbb)
    ~/13219655-4115-48da-baec-f967b606cdde-44.js (sourcemap at 2911.js.map, debug id 13219655-4115-48da-baec-f967b606cdde)
    ~/1465476d-43ff-4c31-9088-703500a80fa4-53.js (sourcemap at 4076.js.map, debug id 1465476d-43ff-4c31-9088-703500a80fa4)
    ~/16604cda-0827-463d-91ce-c79f22986c27-54.js (sourcemap at 4263.js.map, debug id 16604cda-0827-463d-91ce-c79f22986c27)
    ~/18eb07ea-8c49-4934-84fa-8a4b7fe52fb2-107.js (sourcemap at 8884.js.map, debug id 18eb07ea-8c49-4934-84fa-8a4b7fe52fb2)
    ~/1ddeb34c-6306-4abd-9537-1f247f0973d1-52.js (sourcemap at 403.js.map, debug id 1ddeb34c-6306-4abd-9537-1f247f0973d1)
    ~/27017167-5c79-4daf-813d-f9b1bc03cad4-96.js (sourcemap at 778.js.map, debug id 27017167-5c79-4daf-813d-f9b1bc03cad4)
    ~/2bcf8ad2-0c3c-4177-9065-14fed6747446-32.js (sourcemap at 1976.js.map, debug id 2bcf8ad2-0c3c-4177-9065-14fed6747446)
    ~/2ebfc4c3-cd5e-4a4a-a07c-49d2ad49b0ac-17.js (sourcemap at route.js.map, debug id 2ebfc4c3-cd5e-4a4a-a07c-49d2ad49b0ac)
    ~/2fed4a18-64f1-47e8-9860-fc3ee9a9e896-79.js (sourcemap at 6215.js.map, debug id 2fed4a18-64f1-47e8-9860-fc3ee9a9e896)
    ~/3bcdffa0-65e0-41ac-98af-c3f3319001d5-61.js (sourcemap at 4621.js.map, debug id 3bcdffa0-65e0-41ac-98af-c3f3319001d5)
    ~/3de5c74e-8627-41b5-97f7-b325dfcddeb9-64.js (sourcemap at 470.js.map, debug id 3de5c74e-8627-41b5-97f7-b325dfcddeb9)
    ~/3ee4bb78-fbe4-4bc4-b7f7-ac64729b5f8b-20.js (sourcemap at page.js.map, debug id 3ee4bb78-fbe4-4bc4-b7f7-ac64729b5f8b)
    ~/3fc08e50-b9bc-4a1d-90f0-845195473224-21.js (sourcemap at page.js.map, debug id 3fc08e50-b9bc-4a1d-90f0-845195473224)
    ~/435feab1-3223-42d5-ad5d-84281b0656f6-19.js (sourcemap at route.js.map, debug id 435feab1-3223-42d5-ad5d-84281b0656f6)
    ~/45d72e6d-7e97-4242-944c-40be326ef32d-66.js (sourcemap at 4813.js.map, debug id 45d72e6d-7e97-4242-944c-40be326ef32d)
    ~/4748b0d4-a912-4c8e-981f-b1a8de9f448c-11.js (sourcemap at route.js.map, debug id 4748b0d4-a912-4c8e-981f-b1a8de9f448c)
    ~/4cf9fd65-adba-4e33-aab7-c9859e1c0c8a-112.js (sourcemap at 9417.js.map, debug id 4cf9fd65-adba-4e33-aab7-c9859e1c0c8a)
    ~/4daae854-8259-47df-9547-f38a15cfe577-47.js (sourcemap at 3256.js.map, debug id 4daae854-8259-47df-9547-f38a15cfe577)
    ~/4df8ce36-8f19-44ff-928a-e5115d859717-12.js (sourcemap at route.js.map, debug id 4df8ce36-8f19-44ff-928a-e5115d859717)
    ~/4e2f5e03-0c37-40bc-995d-3c598097a664-46.js (sourcemap at 3217.js.map, debug id 4e2f5e03-0c37-40bc-995d-3c598097a664)
    ~/530fc796-af49-4f7d-8089-da05b83aaac0-105.js (sourcemap at 8645.js.map, debug id 530fc796-af49-4f7d-8089-da05b83aaac0)
    ~/54b03e25-b448-47c4-9790-05d49826450d-9.js (sourcemap at route.js.map, debug id 54b03e25-b448-47c4-9790-05d49826450d)
    ~/58b85baa-3767-49d3-ad9e-bf028f42b293-90.js (sourcemap at 7430.js.map, debug id 58b85baa-3767-49d3-ad9e-bf028f42b293)
    ~/59991a39-e883-483d-b2c2-44a1a9dc1868-25.js (sourcemap at 1265.js.map, debug id 59991a39-e883-483d-b2c2-44a1a9dc1868)
    ~/5e216886-924d-4ae3-919e-33aa50541637-109.js (sourcemap at 9250.js.map, debug id 5e216886-924d-4ae3-919e-33aa50541637)
    ~/5ec42333-77c7-4db0-9621-820f8bbfa967-114.js (sourcemap at edge-runtime-webpack.js.map, debug id 5ec42333-77c7-4db0-9621-820f8bbfa967)
    ~/60560cf4-c450-453a-af75-b09bc65036d6-36.js (sourcemap at 2359.js.map, debug id 60560cf4-c450-453a-af75-b09bc65036d6)
    ~/62887e4e-c88f-451a-8554-429999c51153-62.js (sourcemap at 4627.js.map, debug id 62887e4e-c88f-451a-8554-429999c51153)
    ~/62eaf695-ea39-44c7-814e-dc7328911ece-111.js (sourcemap at 9383.js.map, debug id 62eaf695-ea39-44c7-814e-dc7328911ece)
    ~/63fc4f43-7e2f-43f0-812c-038a461b00e7-110.js (sourcemap at 926.js.map, debug id 63fc4f43-7e2f-43f0-812c-038a461b00e7)
    ~/65936a5c-280d-4412-971b-2cdbd93ee62b-5.js (sourcemap at route.js.map, debug id 65936a5c-280d-4412-971b-2cdbd93ee62b)
    ~/6b15b89f-ff70-4183-ad97-f07d5fa8494b-124.js (sourcemap at webpack-runtime.js.map, debug id 6b15b89f-ff70-4183-ad97-f07d5fa8494b)
    ~/72607c7f-b68a-4d3e-9d85-9bfcc7bd80cf-100.js (sourcemap at 8000.js.map, debug id 72607c7f-b68a-4d3e-9d85-9bfcc7bd80cf)
    ~/768bb051-9c0b-47c1-8bd2-8d712321ae2c-115.js (sourcemap at instrumentation.js.map, debug id 768bb051-9c0b-47c1-8bd2-8d712321ae2c)
    ~/777c6e1b-42a0-40bc-9fd9-ac5c1f230ae6-120.js (sourcemap at _error.js.map, debug id 777c6e1b-42a0-40bc-9fd9-ac5c1f230ae6)
    ~/7a49838a-0517-4743-9d1b-6eec73551611-39.js (sourcemap at 2752.js.map, debug id 7a49838a-0517-4743-9d1b-6eec73551611)
    ~/7aa5658d-e86f-4638-a0a9-9409669f19bc-30.js (sourcemap at 1927.js.map, debug id 7aa5658d-e86f-4638-a0a9-9409669f19bc)
    ~/7f39eed5-24b2-4914-a14b-bca1fdb34e02-33.js (sourcemap at 2065.js.map, debug id 7f39eed5-24b2-4914-a14b-bca1fdb34e02)
    ~/83ffeb27-cead-4da9-87c3-518228c00ee3-1.js (sourcemap at route.js.map, debug id 83ffeb27-cead-4da9-87c3-518228c00ee3)
    ~/85622f66-f4f7-4e15-bad1-f4ee98c21957-123.js (sourcemap at webpack-api-runtime.js.map, debug id 85622f66-f4f7-4e15-bad1-f4ee98c21957)
    ~/8778a933-8873-469b-91d9-3de57244484b-78.js (sourcemap at 6197.js.map, debug id 8778a933-8873-469b-91d9-3de57244484b)
    ~/87bdf03c-08df-4c10-968b-c68af59c3eaf-23.js (sourcemap at 1083.js.map, debug id 87bdf03c-08df-4c10-968b-c68af59c3eaf)
    ~/8b8fc9e0-6c4a-431e-a259-5012dd639349-4.js (sourcemap at route.js.map, debug id 8b8fc9e0-6c4a-431e-a259-5012dd639349)
    ~/8d0c2aea-2e0b-41b1-9a88-66a5fd714deb-81.js (sourcemap at 6466.js.map, debug id 8d0c2aea-2e0b-41b1-9a88-66a5fd714deb)
    ~/94ab8264-4442-4840-a2fc-453ef101dae0-69.js (sourcemap at 4999.js.map, debug id 94ab8264-4442-4840-a2fc-453ef101dae0)
    ~/9593e857-5733-4e51-8f0c-14d731f2825c-8.js (sourcemap at route.js.map, debug id 9593e857-5733-4e51-8f0c-14d731f2825c)
    ~/973d0632-2348-4045-91c5-327f68ddd88f-88.js (sourcemap at 7322.js.map, debug id 973d0632-2348-4045-91c5-327f68ddd88f)
    ~/99ce1562-27e1-48de-a84d-3e1f093a1dc8-26.js (sourcemap at 1340.js.map, debug id 99ce1562-27e1-48de-a84d-3e1f093a1dc8)
    ~/9b6932fe-aa3a-4d66-9058-c29980ec24ff-106.js (sourcemap at 8874.js.map, debug id 9b6932fe-aa3a-4d66-9058-c29980ec24ff)
    ~/9b838033-23ef-4225-bd93-70c5cd3dfffe-83.js (sourcemap at 6519.js.map, debug id 9b838033-23ef-4225-bd93-70c5cd3dfffe)
    ~/9c445810-a879-4b8b-aedf-bcf16be370c1-119.js (sourcemap at _document.js.map, debug id 9c445810-a879-4b8b-aedf-bcf16be370c1)
    ~/9d00cdde-ab8d-4a2b-969b-0622dd97c2f5-22.js (sourcemap at page.js.map, debug id 9d00cdde-ab8d-4a2b-969b-0622dd97c2f5)
    ~/9ffc1bd2-d361-4081-a780-9c52293def23-6.js (sourcemap at route.js.map, debug id 9ffc1bd2-d361-4081-a780-9c52293def23)
    ~/a07faafe-187b-4b17-b5f9-dc0b85162335-60.js (sourcemap at 4583.js.map, debug id a07faafe-187b-4b17-b5f9-dc0b85162335)
    ~/a0a0509b-fe7d-4303-953f-c3b8c4ff3b49-71.js (sourcemap at 5100.js.map, debug id a0a0509b-fe7d-4303-953f-c3b8c4ff3b49)
    ~/a0f3e4e1-0664-45e4-b8b7-38f0494d53b9-101.js (sourcemap at 8210.js.map, debug id a0f3e4e1-0664-45e4-b8b7-38f0494d53b9)
    ~/a461622a-5a3c-4cb0-8459-9a6d3a7a08b3-102.js (sourcemap at 8285.js.map, debug id a461622a-5a3c-4cb0-8459-9a6d3a7a08b3)
    ~/a93672f0-e69a-4f07-8bcb-1c412249cca0-13.js (sourcemap at route.js.map, debug id a93672f0-e69a-4f07-8bcb-1c412249cca0)
    ~/ab174094-831d-4dee-944c-9db4a71e5818-85.js (sourcemap at 6747.js.map, debug id ab174094-831d-4dee-944c-9db4a71e5818)
    ~/ac2fea36-68eb-400a-b42a-fcf8a3fe6a6e-28.js (sourcemap at 1545.js.map, debug id ac2fea36-68eb-400a-b42a-fcf8a3fe6a6e)
    ~/aea61136-df46-4550-967e-9f9e88c438fe-40.js (sourcemap at 2855.js.map, debug id aea61136-df46-4550-967e-9f9e88c438fe)
    ~/b4dc17cb-0c49-4ced-bb43-676581b8f02d-98.js (sourcemap at 7973.js.map, debug id b4dc17cb-0c49-4ced-bb43-676581b8f02d)
    ~/b65e2fcc-1054-4ff6-a8ba-6c41255f0e1d-27.js (sourcemap at 1510.js.map, debug id b65e2fcc-1054-4ff6-a8ba-6c41255f0e1d)
    ~/b6b977f1-6bb9-4e80-abea-78ec096dc39e-48.js (sourcemap at 3398.js.map, debug id b6b977f1-6bb9-4e80-abea-78ec096dc39e)
    ~/b72769a9-7178-4d85-9f4e-db4433a7094a-74.js (sourcemap at 5823.js.map, debug id b72769a9-7178-4d85-9f4e-db4433a7094a)
    ~/b97fc8d2-e91a-4aa8-b505-30c04f90c6a4-63.js (sourcemap at 4654.js.map, debug id b97fc8d2-e91a-4aa8-b505-30c04f90c6a4)
    ~/bb21be1b-fed9-4acb-9a26-4b33a02a1656-70.js (sourcemap at 5090.js.map, debug id bb21be1b-fed9-4acb-9a26-4b33a02a1656)
    ~/bbc0a81c-76d7-4181-94a1-8c92b2ba6b0f-89.js (sourcemap at 7339.js.map, debug id bbc0a81c-76d7-4181-94a1-8c92b2ba6b0f)
    ~/bd8ae3d9-b0c3-45bb-a7f5-5d0f1f8ed3c3-57.js (sourcemap at 4318.js.map, debug id bd8ae3d9-b0c3-45bb-a7f5-5d0f1f8ed3c3)
    ~/bdff155f-8c2c-4705-bf93-092582e77d8c-95.js (sourcemap at 7760.js.map, debug id bdff155f-8c2c-4705-bf93-092582e77d8c)
    ~/c09c9dd4-3648-445d-8a64-53c054347eca-93.js (sourcemap at 7722.js.map, debug id c09c9dd4-3648-445d-8a64-53c054347eca)
    ~/c20261b0-3cb5-4925-9de5-d11e5f68b524-76.js (sourcemap at 5960.js.map, debug id c20261b0-3cb5-4925-9de5-d11e5f68b524)
    ~/c36b04c2-4462-49d0-ad9f-3f9c1a1308fb-68.js (sourcemap at 4980.js.map, debug id c36b04c2-4462-49d0-ad9f-3f9c1a1308fb)
    ~/c43873ca-520a-4bbf-b7b2-788aab7cef5f-41.js (sourcemap at 2901.js.map, debug id c43873ca-520a-4bbf-b7b2-788aab7cef5f)
    ~/c8670b42-987e-4166-9de6-e4e7064f3842-3.js (sourcemap at route.js.map, debug id c8670b42-987e-4166-9de6-e4e7064f3842)
    ~/c9335b68-aafd-4d6c-babc-1b24600d017e-73.js (sourcemap at 5603.js.map, debug id c9335b68-aafd-4d6c-babc-1b24600d017e)
    ~/cb74427f-1f00-4a44-b72f-2d09b137fdfa-104.js (sourcemap at 8598.js.map, debug id cb74427f-1f00-4a44-b72f-2d09b137fdfa)
    ~/cc1e64e5-20a3-408d-a8c1-64d69ef22712-121.js (sourcemap at check-file-status.js.map, debug id cc1e64e5-20a3-408d-a8c1-64d69ef22712)
    ~/cd240846-f37a-4ea5-af11-3405b0247166-108.js (sourcemap at 916.js.map, debug id cd240846-f37a-4ea5-af11-3405b0247166)
    ~/cd35fad9-ba54-4d00-b35a-6496f09589c0-82.js (sourcemap at 6503.js.map, debug id cd35fad9-ba54-4d00-b35a-6496f09589c0)
    ~/cfe75397-10f7-4ea0-abdf-3cf3ae4a542d-38.js (sourcemap at 2624.js.map, debug id cfe75397-10f7-4ea0-abdf-3cf3ae4a542d)
    ~/cfedb37f-98b5-4f1c-b2b5-da73d812daca-77.js (sourcemap at 6141.js.map, debug id cfedb37f-98b5-4f1c-b2b5-da73d812daca)
    ~/d0d9e6c5-c5e7-4ee3-b28a-19a2dc061de1-35.js (sourcemap at 2158.js.map, debug id d0d9e6c5-c5e7-4ee3-b28a-19a2dc061de1)
    ~/d1a5c0b8-53ae-423a-a297-b6f7d26d637d-97.js (sourcemap at 7969.js.map, debug id d1a5c0b8-53ae-423a-a297-b6f7d26d637d)
    ~/d2b2efbb-8f0d-4f9a-b27b-8059bb9e03bc-10.js (sourcemap at route.js.map, debug id d2b2efbb-8f0d-4f9a-b27b-8059bb9e03bc)
    ~/d5018d8a-7a93-484e-8381-f080d37237c5-2.js (sourcemap at route.js.map, debug id d5018d8a-7a93-484e-8381-f080d37237c5)
    ~/d744da65-4f22-40aa-95c5-e82ccf25fbf8-55.js (sourcemap at 4265.js.map, debug id d744da65-4f22-40aa-95c5-e82ccf25fbf8)
    ~/da959196-0486-4d9a-be51-afac0ea26936-72.js (sourcemap at 5591.js.map, debug id da959196-0486-4d9a-be51-afac0ea26936)
    ~/dc17b674-c4fd-4978-901b-d372521b4a09-18.js (sourcemap at route.js.map, debug id dc17b674-c4fd-4978-901b-d372521b4a09)
    ~/dc3a9720-9bc9-4a53-9574-ac9408746a47-84.js (sourcemap at 6583.js.map, debug id dc3a9720-9bc9-4a53-9574-ac9408746a47)
    ~/dca95895-c038-4898-98e1-f5ada36bcb2e-24.js (sourcemap at 111.js.map, debug id dca95895-c038-4898-98e1-f5ada36bcb2e)
    ~/dcb07f6b-618a-44e6-9a67-551239e71f23-14.js (sourcemap at route.js.map, debug id dcb07f6b-618a-44e6-9a67-551239e71f23)
    ~/dcec351d-80f9-4ad5-bafe-800f5bea71b3-94.js (sourcemap at 7750.js.map, debug id dcec351d-80f9-4ad5-bafe-800f5bea71b3)
    ~/df0041da-e696-4125-948e-45e51d696c52-49.js (sourcemap at 3496.js.map, debug id df0041da-e696-4125-948e-45e51d696c52)
    ~/e2b8265e-d9ff-4e13-8781-20d4610b3e3f-15.js (sourcemap at route.js.map, debug id e2b8265e-d9ff-4e13-8781-20d4610b3e3f)
    ~/e393c23f-29fd-4856-8fb0-d5d3b9bea5b7-87.js (sourcemap at 7002.js.map, debug id e393c23f-29fd-4856-8fb0-d5d3b9bea5b7)
    ~/e96567ba-d00c-4075-922e-c944f72beec2-99.js (sourcemap at 7988.js.map, debug id e96567ba-d00c-4075-922e-c944f72beec2)
    ~/ea800643-933d-4467-88ce-cf1eec9dc7a2-51.js (sourcemap at 369.js.map, debug id ea800643-933d-4467-88ce-cf1eec9dc7a2)
    ~/ead1ece0-3960-4dd0-ade0-c75e16e0fe0d-117.js (sourcemap at middleware.js.map, debug id ead1ece0-3960-4dd0-ade0-c75e16e0fe0d)
    ~/eb682740-1149-43a9-8606-33cb23a42052-16.js (sourcemap at route.js.map, debug id eb682740-1149-43a9-8606-33cb23a42052)
    ~/ed235868-fe0c-4733-a514-754b9bed0a2e-45.js (sourcemap at 3125.js.map, debug id ed235868-fe0c-4733-a514-754b9bed0a2e)
    ~/edf52cde-196f-4496-af53-5d38350dff2f-58.js (sourcemap at 4438.js.map, debug id edf52cde-196f-4496-af53-5d38350dff2f)
    ~/ee9ec593-5ca4-4bcf-8f1d-4163417664df-65.js (sourcemap at 4726.js.map, debug id ee9ec593-5ca4-4bcf-8f1d-4163417664df)
    ~/f047d684-81e7-4ded-806b-3641122eceb8-80.js (sourcemap at 639.js.map, debug id f047d684-81e7-4ded-806b-3641122eceb8)
    ~/f082e27e-0220-4cb7-9dc3-ccfc8f9c6ade-0.js (sourcemap at page.js.map, debug id f082e27e-0220-4cb7-9dc3-ccfc8f9c6ade)
    ~/f2c67abc-224c-4c48-973e-8b8a8a78a772-34.js (sourcemap at 207.js.map, debug id f2c67abc-224c-4c48-973e-8b8a8a78a772)
    ~/f843f362-c91d-410f-9b06-13a315e89204-7.js (sourcemap at route.js.map, debug id f843f362-c91d-410f-9b06-13a315e89204)
    ~/fa3db823-4dda-44d9-941d-e93da95f5ca0-86.js (sourcemap at 6768.js.map, debug id fa3db823-4dda-44d9-941d-e93da95f5ca0)
    ~/fc859d2e-ff88-4c65-aba8-de9373a5835c-91.js (sourcemap at 7532.js.map, debug id fc859d2e-ff88-4c65-aba8-de9373a5835c)
    ~/fcaf6fb4-20b9-44a5-9555-2880e6673a73-43.js (sourcemap at 2908.js.map, debug id fcaf6fb4-20b9-44a5-9555-2880e6673a73)
    ~/fd8eccd6-9100-40d9-b752-f9f7ede4a3ee-37.js (sourcemap at 243.js.map, debug id fd8eccd6-9100-40d9-b752-f9f7ede4a3ee)
    ~/fee296e5-6ef3-4431-a566-48c4c00cba2d-75.js (sourcemap at 5924.js.map, debug id fee296e5-6ef3-4431-a566-48c4c00cba2d)
    ~/ff39c99a-4058-414f-b88d-967fa8c3d352-92.js (sourcemap at 759.js.map, debug id ff39c99a-4058-414f-b88d-967fa8c3d352)
  Source Maps
    ~/0026f8f5-e54c-4558-ae7d-1afbd4e89c8e-113.js.map (debug id 0026f8f5-e54c-4558-ae7d-1afbd4e89c8e)
    ~/01ce55dc-2e89-48d5-b75f-eddab39634dd-29.js.map (debug id 01ce55dc-2e89-48d5-b75f-eddab39634dd)
    ~/08bd4838-15d1-4c9f-8db3-dd71579facb1-42.js.map (debug id 08bd4838-15d1-4c9f-8db3-dd71579facb1)
    ~/0942e2ba-46e6-4ae1-8552-0131e23c7fbb-50.js.map (debug id 0942e2ba-46e6-4ae1-8552-0131e23c7fbb)
    ~/0a483405-f9b1-42e0-8ede-335a8693eedc-103.js.map (debug id 0a483405-f9b1-42e0-8ede-335a8693eedc)
    ~/0bc3e82b-9378-4d6e-9d57-8c4453755f0a-67.js.map (debug id 0bc3e82b-9378-4d6e-9d57-8c4453755f0a)
    ~/0c676b04-848e-42fa-90ce-0776b4664a88-59.js.map (debug id 0c676b04-848e-42fa-90ce-0776b4664a88)
    ~/0ecd86f9-8b54-4609-b48c-faaca9cf2cf3-56.js.map (debug id 0ecd86f9-8b54-4609-b48c-faaca9cf2cf3)
    ~/0f10eb5a-b43f-4793-91c8-0ea1315a3746-118.js.map (debug id 0f10eb5a-b43f-4793-91c8-0ea1315a3746)
    ~/126445af-3e09-42d6-a76f-0dbebf42ffbb-31.js.map (debug id 126445af-3e09-42d6-a76f-0dbebf42ffbb)
    ~/13219655-4115-48da-baec-f967b606cdde-44.js.map (debug id 13219655-4115-48da-baec-f967b606cdde)
    ~/1465476d-43ff-4c31-9088-703500a80fa4-53.js.map (debug id 1465476d-43ff-4c31-9088-703500a80fa4)
    ~/16604cda-0827-463d-91ce-c79f22986c27-54.js.map (debug id 16604cda-0827-463d-91ce-c79f22986c27)
    ~/18eb07ea-8c49-4934-84fa-8a4b7fe52fb2-107.js.map (debug id 18eb07ea-8c49-4934-84fa-8a4b7fe52fb2)
    ~/1ddeb34c-6306-4abd-9537-1f247f0973d1-52.js.map (debug id 1ddeb34c-6306-4abd-9537-1f247f0973d1)
    ~/27017167-5c79-4daf-813d-f9b1bc03cad4-96.js.map (debug id 27017167-5c79-4daf-813d-f9b1bc03cad4)
    ~/2bcf8ad2-0c3c-4177-9065-14fed6747446-32.js.map (debug id 2bcf8ad2-0c3c-4177-9065-14fed6747446)
    ~/2ebfc4c3-cd5e-4a4a-a07c-49d2ad49b0ac-17.js.map (debug id 2ebfc4c3-cd5e-4a4a-a07c-49d2ad49b0ac)
    ~/2fed4a18-64f1-47e8-9860-fc3ee9a9e896-79.js.map (debug id 2fed4a18-64f1-47e8-9860-fc3ee9a9e896)
    ~/3bcdffa0-65e0-41ac-98af-c3f3319001d5-61.js.map (debug id 3bcdffa0-65e0-41ac-98af-c3f3319001d5)
    ~/3de5c74e-8627-41b5-97f7-b325dfcddeb9-64.js.map (debug id 3de5c74e-8627-41b5-97f7-b325dfcddeb9)
    ~/3ee4bb78-fbe4-4bc4-b7f7-ac64729b5f8b-20.js.map (debug id 3ee4bb78-fbe4-4bc4-b7f7-ac64729b5f8b)
    ~/3fc08e50-b9bc-4a1d-90f0-845195473224-21.js.map (debug id 3fc08e50-b9bc-4a1d-90f0-845195473224)
    ~/435feab1-3223-42d5-ad5d-84281b0656f6-19.js.map (debug id 435feab1-3223-42d5-ad5d-84281b0656f6)
    ~/45d72e6d-7e97-4242-944c-40be326ef32d-66.js.map (debug id 45d72e6d-7e97-4242-944c-40be326ef32d)
    ~/4748b0d4-a912-4c8e-981f-b1a8de9f448c-11.js.map (debug id 4748b0d4-a912-4c8e-981f-b1a8de9f448c)
    ~/4cf9fd65-adba-4e33-aab7-c9859e1c0c8a-112.js.map (debug id 4cf9fd65-adba-4e33-aab7-c9859e1c0c8a)
    ~/4daae854-8259-47df-9547-f38a15cfe577-47.js.map (debug id 4daae854-8259-47df-9547-f38a15cfe577)
    ~/4df8ce36-8f19-44ff-928a-e5115d859717-12.js.map (debug id 4df8ce36-8f19-44ff-928a-e5115d859717)
    ~/4e2f5e03-0c37-40bc-995d-3c598097a664-46.js.map (debug id 4e2f5e03-0c37-40bc-995d-3c598097a664)
    ~/530fc796-af49-4f7d-8089-da05b83aaac0-105.js.map (debug id 530fc796-af49-4f7d-8089-da05b83aaac0)
    ~/54b03e25-b448-47c4-9790-05d49826450d-9.js.map (debug id 54b03e25-b448-47c4-9790-05d49826450d)
    ~/58b85baa-3767-49d3-ad9e-bf028f42b293-90.js.map (debug id 58b85baa-3767-49d3-ad9e-bf028f42b293)
    ~/59991a39-e883-483d-b2c2-44a1a9dc1868-25.js.map (debug id 59991a39-e883-483d-b2c2-44a1a9dc1868)
    ~/5e216886-924d-4ae3-919e-33aa50541637-109.js.map (debug id 5e216886-924d-4ae3-919e-33aa50541637)
    ~/5ec42333-77c7-4db0-9621-820f8bbfa967-114.js.map (debug id 5ec42333-77c7-4db0-9621-820f8bbfa967)
    ~/60560cf4-c450-453a-af75-b09bc65036d6-36.js.map (debug id 60560cf4-c450-453a-af75-b09bc65036d6)
    ~/62887e4e-c88f-451a-8554-429999c51153-62.js.map (debug id 62887e4e-c88f-451a-8554-429999c51153)
    ~/62eaf695-ea39-44c7-814e-dc7328911ece-111.js.map (debug id 62eaf695-ea39-44c7-814e-dc7328911ece)
    ~/63fc4f43-7e2f-43f0-812c-038a461b00e7-110.js.map (debug id 63fc4f43-7e2f-43f0-812c-038a461b00e7)
    ~/65936a5c-280d-4412-971b-2cdbd93ee62b-5.js.map (debug id 65936a5c-280d-4412-971b-2cdbd93ee62b)
    ~/6b15b89f-ff70-4183-ad97-f07d5fa8494b-124.js.map (debug id 6b15b89f-ff70-4183-ad97-f07d5fa8494b)
    ~/72607c7f-b68a-4d3e-9d85-9bfcc7bd80cf-100.js.map (debug id 72607c7f-b68a-4d3e-9d85-9bfcc7bd80cf)
    ~/768bb051-9c0b-47c1-8bd2-8d712321ae2c-115.js.map (debug id 768bb051-9c0b-47c1-8bd2-8d712321ae2c)
    ~/777c6e1b-42a0-40bc-9fd9-ac5c1f230ae6-120.js.map (debug id 777c6e1b-42a0-40bc-9fd9-ac5c1f230ae6)
    ~/7a49838a-0517-4743-9d1b-6eec73551611-39.js.map (debug id 7a49838a-0517-4743-9d1b-6eec73551611)
    ~/7aa5658d-e86f-4638-a0a9-9409669f19bc-30.js.map (debug id 7aa5658d-e86f-4638-a0a9-9409669f19bc)
    ~/7f39eed5-24b2-4914-a14b-bca1fdb34e02-33.js.map (debug id 7f39eed5-24b2-4914-a14b-bca1fdb34e02)
    ~/83ffeb27-cead-4da9-87c3-518228c00ee3-1.js.map (debug id 83ffeb27-cead-4da9-87c3-518228c00ee3)
    ~/85622f66-f4f7-4e15-bad1-f4ee98c21957-123.js.map (debug id 85622f66-f4f7-4e15-bad1-f4ee98c21957)
    ~/8778a933-8873-469b-91d9-3de57244484b-78.js.map (debug id 8778a933-8873-469b-91d9-3de57244484b)
    ~/87bdf03c-08df-4c10-968b-c68af59c3eaf-23.js.map (debug id 87bdf03c-08df-4c10-968b-c68af59c3eaf)
    ~/8b8fc9e0-6c4a-431e-a259-5012dd639349-4.js.map (debug id 8b8fc9e0-6c4a-431e-a259-5012dd639349)
    ~/8d0c2aea-2e0b-41b1-9a88-66a5fd714deb-81.js.map (debug id 8d0c2aea-2e0b-41b1-9a88-66a5fd714deb)
    ~/94ab8264-4442-4840-a2fc-453ef101dae0-69.js.map (debug id 94ab8264-4442-4840-a2fc-453ef101dae0)
    ~/9593e857-5733-4e51-8f0c-14d731f2825c-8.js.map (debug id 9593e857-5733-4e51-8f0c-14d731f2825c)
    ~/973d0632-2348-4045-91c5-327f68ddd88f-88.js.map (debug id 973d0632-2348-4045-91c5-327f68ddd88f)
    ~/99ce1562-27e1-48de-a84d-3e1f093a1dc8-26.js.map (debug id 99ce1562-27e1-48de-a84d-3e1f093a1dc8)
    ~/9b6932fe-aa3a-4d66-9058-c29980ec24ff-106.js.map (debug id 9b6932fe-aa3a-4d66-9058-c29980ec24ff)
    ~/9b838033-23ef-4225-bd93-70c5cd3dfffe-83.js.map (debug id 9b838033-23ef-4225-bd93-70c5cd3dfffe)
    ~/9c445810-a879-4b8b-aedf-bcf16be370c1-119.js.map (debug id 9c445810-a879-4b8b-aedf-bcf16be370c1)
    ~/9d00cdde-ab8d-4a2b-969b-0622dd97c2f5-22.js.map (debug id 9d00cdde-ab8d-4a2b-969b-0622dd97c2f5)
    ~/9ffc1bd2-d361-4081-a780-9c52293def23-6.js.map (debug id 9ffc1bd2-d361-4081-a780-9c52293def23)
    ~/a07faafe-187b-4b17-b5f9-dc0b85162335-60.js.map (debug id a07faafe-187b-4b17-b5f9-dc0b85162335)
    ~/a0a0509b-fe7d-4303-953f-c3b8c4ff3b49-71.js.map (debug id a0a0509b-fe7d-4303-953f-c3b8c4ff3b49)
    ~/a0f3e4e1-0664-45e4-b8b7-38f0494d53b9-101.js.map (debug id a0f3e4e1-0664-45e4-b8b7-38f0494d53b9)
    ~/a461622a-5a3c-4cb0-8459-9a6d3a7a08b3-102.js.map (debug id a461622a-5a3c-4cb0-8459-9a6d3a7a08b3)
    ~/a93672f0-e69a-4f07-8bcb-1c412249cca0-13.js.map (debug id a93672f0-e69a-4f07-8bcb-1c412249cca0)
    ~/ab174094-831d-4dee-944c-9db4a71e5818-85.js.map (debug id ab174094-831d-4dee-944c-9db4a71e5818)
    ~/ac2fea36-68eb-400a-b42a-fcf8a3fe6a6e-28.js.map (debug id ac2fea36-68eb-400a-b42a-fcf8a3fe6a6e)
    ~/aea61136-df46-4550-967e-9f9e88c438fe-40.js.map (debug id aea61136-df46-4550-967e-9f9e88c438fe)
    ~/b4dc17cb-0c49-4ced-bb43-676581b8f02d-98.js.map (debug id b4dc17cb-0c49-4ced-bb43-676581b8f02d)
    ~/b65e2fcc-1054-4ff6-a8ba-6c41255f0e1d-27.js.map (debug id b65e2fcc-1054-4ff6-a8ba-6c41255f0e1d)
    ~/b6b977f1-6bb9-4e80-abea-78ec096dc39e-48.js.map (debug id b6b977f1-6bb9-4e80-abea-78ec096dc39e)
    ~/b72769a9-7178-4d85-9f4e-db4433a7094a-74.js.map (debug id b72769a9-7178-4d85-9f4e-db4433a7094a)
    ~/b97fc8d2-e91a-4aa8-b505-30c04f90c6a4-63.js.map (debug id b97fc8d2-e91a-4aa8-b505-30c04f90c6a4)
    ~/bb21be1b-fed9-4acb-9a26-4b33a02a1656-70.js.map (debug id bb21be1b-fed9-4acb-9a26-4b33a02a1656)
    ~/bbc0a81c-76d7-4181-94a1-8c92b2ba6b0f-89.js.map (debug id bbc0a81c-76d7-4181-94a1-8c92b2ba6b0f)
    ~/bd8ae3d9-b0c3-45bb-a7f5-5d0f1f8ed3c3-57.js.map (debug id bd8ae3d9-b0c3-45bb-a7f5-5d0f1f8ed3c3)
    ~/bdff155f-8c2c-4705-bf93-092582e77d8c-95.js.map (debug id bdff155f-8c2c-4705-bf93-092582e77d8c)
    ~/c09c9dd4-3648-445d-8a64-53c054347eca-93.js.map (debug id c09c9dd4-3648-445d-8a64-53c054347eca)
    ~/c20261b0-3cb5-4925-9de5-d11e5f68b524-76.js.map (debug id c20261b0-3cb5-4925-9de5-d11e5f68b524)
    ~/c36b04c2-4462-49d0-ad9f-3f9c1a1308fb-68.js.map (debug id c36b04c2-4462-49d0-ad9f-3f9c1a1308fb)
    ~/c43873ca-520a-4bbf-b7b2-788aab7cef5f-41.js.map (debug id c43873ca-520a-4bbf-b7b2-788aab7cef5f)
    ~/c8670b42-987e-4166-9de6-e4e7064f3842-3.js.map (debug id c8670b42-987e-4166-9de6-e4e7064f3842)
    ~/c9335b68-aafd-4d6c-babc-1b24600d017e-73.js.map (debug id c9335b68-aafd-4d6c-babc-1b24600d017e)
    ~/cb74427f-1f00-4a44-b72f-2d09b137fdfa-104.js.map (debug id cb74427f-1f00-4a44-b72f-2d09b137fdfa)
    ~/cc1e64e5-20a3-408d-a8c1-64d69ef22712-121.js.map (debug id cc1e64e5-20a3-408d-a8c1-64d69ef22712)
    ~/cd240846-f37a-4ea5-af11-3405b0247166-108.js.map (debug id cd240846-f37a-4ea5-af11-3405b0247166)
    ~/cd35fad9-ba54-4d00-b35a-6496f09589c0-82.js.map (debug id cd35fad9-ba54-4d00-b35a-6496f09589c0)
    ~/cfe75397-10f7-4ea0-abdf-3cf3ae4a542d-38.js.map (debug id cfe75397-10f7-4ea0-abdf-3cf3ae4a542d)
    ~/cfedb37f-98b5-4f1c-b2b5-da73d812daca-77.js.map (debug id cfedb37f-98b5-4f1c-b2b5-da73d812daca)
    ~/d0d9e6c5-c5e7-4ee3-b28a-19a2dc061de1-35.js.map (debug id d0d9e6c5-c5e7-4ee3-b28a-19a2dc061de1)
    ~/d1a5c0b8-53ae-423a-a297-b6f7d26d637d-97.js.map (debug id d1a5c0b8-53ae-423a-a297-b6f7d26d637d)
    ~/d2b2efbb-8f0d-4f9a-b27b-8059bb9e03bc-10.js.map (debug id d2b2efbb-8f0d-4f9a-b27b-8059bb9e03bc)
    ~/d5018d8a-7a93-484e-8381-f080d37237c5-2.js.map (debug id d5018d8a-7a93-484e-8381-f080d37237c5)
    ~/d744da65-4f22-40aa-95c5-e82ccf25fbf8-55.js.map (debug id d744da65-4f22-40aa-95c5-e82ccf25fbf8)
    ~/da959196-0486-4d9a-be51-afac0ea26936-72.js.map (debug id da959196-0486-4d9a-be51-afac0ea26936)
    ~/dc17b674-c4fd-4978-901b-d372521b4a09-18.js.map (debug id dc17b674-c4fd-4978-901b-d372521b4a09)
    ~/dc3a9720-9bc9-4a53-9574-ac9408746a47-84.js.map (debug id dc3a9720-9bc9-4a53-9574-ac9408746a47)
    ~/dca95895-c038-4898-98e1-f5ada36bcb2e-24.js.map (debug id dca95895-c038-4898-98e1-f5ada36bcb2e)
    ~/dcb07f6b-618a-44e6-9a67-551239e71f23-14.js.map (debug id dcb07f6b-618a-44e6-9a67-551239e71f23)
    ~/dcec351d-80f9-4ad5-bafe-800f5bea71b3-94.js.map (debug id dcec351d-80f9-4ad5-bafe-800f5bea71b3)
    ~/df0041da-e696-4125-948e-45e51d696c52-49.js.map (debug id df0041da-e696-4125-948e-45e51d696c52)
    ~/e2b8265e-d9ff-4e13-8781-20d4610b3e3f-15.js.map (debug id e2b8265e-d9ff-4e13-8781-20d4610b3e3f)
    ~/e393c23f-29fd-4856-8fb0-d5d3b9bea5b7-87.js.map (debug id e393c23f-29fd-4856-8fb0-d5d3b9bea5b7)
    ~/e96567ba-d00c-4075-922e-c944f72beec2-99.js.map (debug id e96567ba-d00c-4075-922e-c944f72beec2)
    ~/ea800643-933d-4467-88ce-cf1eec9dc7a2-51.js.map (debug id ea800643-933d-4467-88ce-cf1eec9dc7a2)
    ~/ead1ece0-3960-4dd0-ade0-c75e16e0fe0d-117.js.map (debug id ead1ece0-3960-4dd0-ade0-c75e16e0fe0d)
    ~/eb682740-1149-43a9-8606-33cb23a42052-16.js.map (debug id eb682740-1149-43a9-8606-33cb23a42052)
    ~/ed235868-fe0c-4733-a514-754b9bed0a2e-45.js.map (debug id ed235868-fe0c-4733-a514-754b9bed0a2e)
    ~/edf52cde-196f-4496-af53-5d38350dff2f-58.js.map (debug id edf52cde-196f-4496-af53-5d38350dff2f)
    ~/ee9ec593-5ca4-4bcf-8f1d-4163417664df-65.js.map (debug id ee9ec593-5ca4-4bcf-8f1d-4163417664df)
    ~/f047d684-81e7-4ded-806b-3641122eceb8-80.js.map (debug id f047d684-81e7-4ded-806b-3641122eceb8)
    ~/f082e27e-0220-4cb7-9dc3-ccfc8f9c6ade-0.js.map (debug id f082e27e-0220-4cb7-9dc3-ccfc8f9c6ade)
    ~/f2c67abc-224c-4c48-973e-8b8a8a78a772-34.js.map (debug id f2c67abc-224c-4c48-973e-8b8a8a78a772)
    ~/f843f362-c91d-410f-9b06-13a315e89204-7.js.map (debug id f843f362-c91d-410f-9b06-13a315e89204)
    ~/fa3db823-4dda-44d9-941d-e93da95f5ca0-86.js.map (debug id fa3db823-4dda-44d9-941d-e93da95f5ca0)
    ~/fc859d2e-ff88-4c65-aba8-de9373a5835c-91.js.map (debug id fc859d2e-ff88-4c65-aba8-de9373a5835c)
    ~/fcaf6fb4-20b9-44a5-9555-2880e6673a73-43.js.map (debug id fcaf6fb4-20b9-44a5-9555-2880e6673a73)
    ~/fd8eccd6-9100-40d9-b752-f9f7ede4a3ee-37.js.map (debug id fd8eccd6-9100-40d9-b752-f9f7ede4a3ee)
    ~/fee296e5-6ef3-4431-a566-48c4c00cba2d-75.js.map (debug id fee296e5-6ef3-4431-a566-48c4c00cba2d)
    ~/ff39c99a-4058-414f-b88d-967fa8c3d352-92.js.map (debug id ff39c99a-4058-414f-b88d-967fa8c3d352)
[@sentry/nextjs - Edge] Info: Successfully uploaded source maps to Sentry
ÔÜá DEPRECATION NOTICE: This functionality will be removed in a future version 
of `sentry-cli`. Use the `sourcemaps` command instead.
> Found 43 files
> Analyzing 43 sources
> Adding source map references
> Bundled 43 files for upload
> Bundle ID: be01faaa-3439-599d-8280-d6c19fca3613
> Nothing to upload, all files are on the server
> File processing complete
> Organization: hopeai-rh
> Projects: sentry-indigo-umbrella
> Release: c35dfbfd3a1ccd0bcfde7a1a1de4afb65c413f77
> Dist: None
> Upload type: artifact bundle

Source Map Upload Report
  Scripts
    ~/098687c2-565d-497a-9fc0-eabb439a7d23-9.js (no sourcemap found, debug id 098687c2-565d-497a-9fc0-eabb439a7d23)
      - warning: could not determine a source map reference (Could not auto-detect referenced sourcemap for ~/098687c2-565d-497a-9fc0-eabb439a7d23-9.js)
    ~/1749556f-2524-4b16-8ac5-d47aafd13c73-21.js (sourcemap at 1749556f-2524-4b16-8ac5-d47aafd13c73-21.js.map, debug id 1749556f-2524-4b16-8ac5-d47aafd13c73)
    ~/202b23a0-0f05-4188-89ba-1727a0eed6f0-26.js (sourcemap at 202b23a0-0f05-4188-89ba-1727a0eed6f0-26.js.map, debug id 202b23a0-0f05-4188-89ba-1727a0eed6f0)
    ~/2060f05f-7a72-4296-b6a4-e534ab2bf09e-20.js (sourcemap at 2060f05f-7a72-4296-b6a4-e534ab2bf09e-20.js.map, debug id 2060f05f-7a72-4296-b6a4-e534ab2bf09e)
    ~/20fc411f-c0b0-49ed-9189-db1dd5540f2a-1.js (no sourcemap found, debug id 20fc411f-c0b0-49ed-9189-db1dd5540f2a)
      - warning: could not determine a source map reference (Could not auto-detect referenced sourcemap for ~/20fc411f-c0b0-49ed-9189-db1dd5540f2a-1.js)
    ~/25998934-948c-4200-8167-8c5ba8bdb83a-6.js (no sourcemap found, debug id 25998934-948c-4200-8167-8c5ba8bdb83a)
      - warning: could not determine a source map reference (Could not auto-detect referenced sourcemap for ~/25998934-948c-4200-8167-8c5ba8bdb83a-6.js)
    ~/264e8306-1870-4b0a-8dec-fbe12f939f60-22.js (sourcemap at 264e8306-1870-4b0a-8dec-fbe12f939f60-22.js.map, debug id 264e8306-1870-4b0a-8dec-fbe12f939f60)
    ~/2bd45cb4-d4fe-411f-a41d-6c89b1b80621-19.js (sourcemap at 2bd45cb4-d4fe-411f-a41d-6c89b1b80621-19.js.map, debug id 2bd45cb4-d4fe-411f-a41d-6c89b1b80621)
    ~/45a999d2-8e71-456b-bbd4-e1731c3b276b-25.js (sourcemap at 45a999d2-8e71-456b-bbd4-e1731c3b276b-25.js.map, debug id 45a999d2-8e71-456b-bbd4-e1731c3b276b)
    ~/48da74a1-ea1d-41b1-b9d4-a56cf6fe7693-4.js (sourcemap at 48da74a1-ea1d-41b1-b9d4-a56cf6fe7693-4.js.map, debug id 48da74a1-ea1d-41b1-b9d4-a56cf6fe7693)
    ~/49ff5574-cd7d-4d52-922b-29f919b7a940-11.js (no sourcemap found, debug id 49ff5574-cd7d-4d52-922b-29f919b7a940)
      - warning: could not determine a source map reference (Could not auto-detect referenced sourcemap for ~/49ff5574-cd7d-4d52-922b-29f919b7a940-11.js)
    ~/4b3eebf0-7223-4662-9bc0-d0c4bd60a21c-24.js (sourcemap at 4b3eebf0-7223-4662-9bc0-d0c4bd60a21c-24.js.map, debug id 4b3eebf0-7223-4662-9bc0-d0c4bd60a21c)
    ~/5ab8a9c6-86b4-441f-ae91-04804bf6bfdf-14.js (no sourcemap found, debug id 5ab8a9c6-86b4-441f-ae91-04804bf6bfdf)
      - warning: could not determine a source map reference (Could not auto-detect referenced sourcemap for ~/5ab8a9c6-86b4-441f-ae91-04804bf6bfdf-14.js)
    ~/739fd31f-1f1d-4d9d-8ce2-14ec85886ba5-3.js (sourcemap at 739fd31f-1f1d-4d9d-8ce2-14ec85886ba5-3.js.map, debug id 739fd31f-1f1d-4d9d-8ce2-14ec85886ba5)
    ~/7efecf99-1ed5-4898-ab17-bc2204bb946b-5.js (sourcemap at 7efecf99-1ed5-4898-ab17-bc2204bb946b-5.js.map, debug id 7efecf99-1ed5-4898-ab17-bc2204bb946b)
    ~/9289e197-68e1-4743-913d-9fbf7f8b91d1-17.js (sourcemap at 9289e197-68e1-4743-913d-9fbf7f8b91d1-17.js.map, debug id 9289e197-68e1-4743-913d-9fbf7f8b91d1)
    ~/973dc31c-db96-48e4-8e0f-75d47412f612-12.js (no sourcemap found, debug id 973dc31c-db96-48e4-8e0f-75d47412f612)
      - warning: could not determine a source map reference (Could not auto-detect referenced sourcemap for ~/973dc31c-db96-48e4-8e0f-75d47412f612-12.js)
    ~/97e639b6-e9b1-47b3-a76f-b297151cf943-7.js (no sourcemap found, debug id 97e639b6-e9b1-47b3-a76f-b297151cf943)
      - warning: could not determine a source map reference (Could not auto-detect referenced sourcemap for ~/97e639b6-e9b1-47b3-a76f-b297151cf943-7.js)
    ~/99276b7e-8aa1-4435-a944-3e471c19ca87-23.js (sourcemap at 99276b7e-8aa1-4435-a944-3e471c19ca87-23.js.map, debug id 99276b7e-8aa1-4435-a944-3e471c19ca87)
    ~/9e4b9458-880e-44a1-a0e5-d2888eeca01d-16.js (no sourcemap found, debug id 9e4b9458-880e-44a1-a0e5-d2888eeca01d)
      - warning: could not determine a source map reference (Could not auto-detect referenced sourcemap for ~/9e4b9458-880e-44a1-a0e5-d2888eeca01d-16.js)
    ~/ad5229c3-41e6-40b0-94a1-dac1290a9a16-2.js (sourcemap at ad5229c3-41e6-40b0-94a1-dac1290a9a16-2.js.map, debug id ad5229c3-41e6-40b0-94a1-dac1290a9a16)
    ~/b3c9dd94-0efd-499b-90ed-d37c11a42a4e-8.js (no sourcemap found, debug id b3c9dd94-0efd-499b-90ed-d37c11a42a4e)
      - warning: could not determine a source map reference (Could not auto-detect referenced sourcemap for ~/b3c9dd94-0efd-499b-90ed-d37c11a42a4e-8.js)
    ~/bda4ffd1-74f6-4e6d-9fda-82a79cd306e4-18.js (no sourcemap found, debug id bda4ffd1-74f6-4e6d-9fda-82a79cd306e4)
      - warning: could not determine a source map reference (Could not auto-detect referenced sourcemap for ~/bda4ffd1-74f6-4e6d-9fda-82a79cd306e4-18.js)
    ~/c1467627-7620-49d1-a89b-af23bb5f1231-15.js (sourcemap at c1467627-7620-49d1-a89b-af23bb5f1231-15.js.map, debug id c1467627-7620-49d1-a89b-af23bb5f1231)
    ~/c99b63c6-b0c3-484f-b3b0-5b6fce4a63aa-10.js (no sourcemap found, debug id c99b63c6-b0c3-484f-b3b0-5b6fce4a63aa)
      - warning: could not determine a source map reference (Could not auto-detect referenced sourcemap for ~/c99b63c6-b0c3-484f-b3b0-5b6fce4a63aa-10.js)
    ~/f92f4845-bc04-4858-be83-5f23499250e1-13.js (sourcemap at f92f4845-bc04-4858-be83-5f23499250e1-13.js.map, debug id f92f4845-bc04-4858-be83-5f23499250e1)
    ~/fc3cd736-36d7-4d82-91b8-6b9010f59020-0.js (sourcemap at fc3cd736-36d7-4d82-91b8-6b9010f59020-0.js.map, debug id fc3cd736-36d7-4d82-91b8-6b9010f59020)
  Source Maps
    ~/1749556f-2524-4b16-8ac5-d47aafd13c73-21.js.map (debug id 1749556f-2524-4b16-8ac5-d47aafd13c73)
    ~/202b23a0-0f05-4188-89ba-1727a0eed6f0-26.js.map (debug id 202b23a0-0f05-4188-89ba-1727a0eed6f0)
    ~/2060f05f-7a72-4296-b6a4-e534ab2bf09e-20.js.map (debug id 2060f05f-7a72-4296-b6a4-e534ab2bf09e)
    ~/264e8306-1870-4b0a-8dec-fbe12f939f60-22.js.map (debug id 264e8306-1870-4b0a-8dec-fbe12f939f60)
    ~/2bd45cb4-d4fe-411f-a41d-6c89b1b80621-19.js.map (debug id 2bd45cb4-d4fe-411f-a41d-6c89b1b80621)
    ~/45a999d2-8e71-456b-bbd4-e1731c3b276b-25.js.map (debug id 45a999d2-8e71-456b-bbd4-e1731c3b276b)
    ~/48da74a1-ea1d-41b1-b9d4-a56cf6fe7693-4.js.map (debug id 48da74a1-ea1d-41b1-b9d4-a56cf6fe7693)
    ~/4b3eebf0-7223-4662-9bc0-d0c4bd60a21c-24.js.map (debug id 4b3eebf0-7223-4662-9bc0-d0c4bd60a21c)
    ~/739fd31f-1f1d-4d9d-8ce2-14ec85886ba5-3.js.map (debug id 739fd31f-1f1d-4d9d-8ce2-14ec85886ba5)
    ~/7efecf99-1ed5-4898-ab17-bc2204bb946b-5.js.map (debug id 7efecf99-1ed5-4898-ab17-bc2204bb946b)
    ~/9289e197-68e1-4743-913d-9fbf7f8b91d1-17.js.map (debug id 9289e197-68e1-4743-913d-9fbf7f8b91d1)
    ~/99276b7e-8aa1-4435-a944-3e471c19ca87-23.js.map (debug id 99276b7e-8aa1-4435-a944-3e471c19ca87)
    ~/ad5229c3-41e6-40b0-94a1-dac1290a9a16-2.js.map (debug id ad5229c3-41e6-40b0-94a1-dac1290a9a16)
    ~/c1467627-7620-49d1-a89b-af23bb5f1231-15.js.map (debug id c1467627-7620-49d1-a89b-af23bb5f1231)
    ~/f92f4845-bc04-4858-be83-5f23499250e1-13.js.map (debug id f92f4845-bc04-4858-be83-5f23499250e1)
    ~/fc3cd736-36d7-4d82-91b8-6b9010f59020-0.js.map (debug id fc3cd736-36d7-4d82-91b8-6b9010f59020)
[@sentry/nextjs - Client] Info: Successfully uploaded source maps to Sentry
 Ô£ô Compiled successfully in 61s
   Skipping validation of types
   Skipping linting
   Collecting page data ...
[dotenv@17.2.3] injecting env (0) from .env -- tip: ­ƒôí add observability to secrets: https://dotenvx.com/ops
[dotenv@17.2.3] injecting env (0) from .env -- tip: ÔÜÖ´©Å  enable debug logging with { debug: true }
­ƒöÆ SECURITY: Console logging disabled in production
[dotenv@17.2.3] injecting env (0) from .env -- tip: ÔÜÖ´©Å  load multiple .env files with { path: ['.env.local', '.env'] }
[dotenv@17.2.3] injecting env (0) from .env -- tip: ­ƒöÉ prevent committing .env to code: https://dotenvx.com/precommit
­ƒöÆ SECURITY: Console logging disabled in production
­ƒöÆ SECURITY: Console logging disabled in production
[dotenv@17.2.3] injecting env (0) from .env -- tip: Ô£à audit secrets and track compliance: https://dotenvx.com/ops
[dotenv@17.2.3] injecting env (0) from .env -- tip: ÔÜÖ´©Å  specify custom .env file path with { path: '/custom/path/.env' }
­ƒöÆ SECURITY: Console logging disabled in production
   Generating static pages (0/22) ...
[dotenv@17.2.3] injecting env (0) from .env -- tip: ÔÜÖ´©Å  override existing env vars with { override: true }
   Generating static pages (5/22) 
­ƒöÆ SECURITY: Console logging disabled in production
   Generating static pages (10/22) 
   Generating static pages (16/22) 
 Ô£ô Generating static pages (22/22)
   Finalizing page optimization ...
   Collecting build traces ...

Route (app)                                  Size  First Load JS
Ôöî Ôùï /                                      404 kB         905 kB
Ôö£ Ôùï /_not-found                           1.17 kB         222 kB
Ôö£ ãÆ /api/academic-search                    341 B         221 kB
Ôö£ ãÆ /api/agents                             367 B         224 kB
Ôö£ ãÆ /api/documents                          367 B         224 kB
Ôö£ ãÆ /api/health                             367 B         224 kB
Ôö£ ãÆ /api/patients/[id]/ficha                367 B         224 kB
Ôö£ ãÆ /api/patients/[id]/pattern-analysis     342 B         221 kB
Ôö£ ãÆ /api/payments/create-checkout           341 B         221 kB
Ôö£ ãÆ /api/payments/portal                    339 B         221 kB
Ôö£ ãÆ /api/payments/status                    341 B         221 kB
Ôö£ ãÆ /api/payments/webhook                   340 B         221 kB
Ôö£ ãÆ /api/pioneer-circle                     341 B         221 kB
Ôö£ ãÆ /api/security/audit                     340 B         221 kB
Ôö£ ãÆ /api/send-message                       367 B         224 kB
Ôö£ ãÆ /api/sentry-example-api                 341 B         221 kB
Ôö£ ãÆ /api/sessions                           368 B         224 kB
Ôö£ ãÆ /api/switch-agent                       340 B         221 kB
Ôö£ ãÆ /api/system-status                      367 B         224 kB
Ôö£ ãÆ /api/transcribe-audio                   340 B         221 kB
Ôö£ ãÆ /api/upload-document                    366 B         224 kB
Ôö£ Ôùï /pricing                              5.44 kB         496 kB
Ôöö Ôùï /sentry-example-page                  2.81 kB         223 kB
+ First Load JS shared by all              221 kB
  Ôö£ chunks/327-ca4b5ecc53320fb3.js         126 kB
  Ôö£ chunks/4bd1b696-714e64eab7008234.js   54.3 kB
  Ôö£ chunks/52774a7f-ea38d20dc4e73001.js   36.9 kB
  Ôöö other shared chunks (total)           3.33 kB

Route (pages)                                Size  First Load JS
ÔöÇ ãÆ /api/check-file-status                    0 B         178 kB
+ First Load JS shared by all              178 kB
  Ôö£ chunks/framework-405e061778d0fbd8.js  57.8 kB
  Ôö£ chunks/main-dbeb5e713fbd5417.js        118 kB
  Ôöö other shared chunks (total)            2.6 kB

ãÆ Middleware                              96.8 kB

Ôùï  (Static)   prerendered as static content
ãÆ  (Dynamic)  server-rendered on demand

