node.exe :  ÔÜá `experimental.instrumentationHook` is no longer 
needed, because `instrumentation.js` is available by default. You 
can remove it from next.config.mjs.
En línea: 1 Carácter: 1
+ & "C:\Program Files\nodejs/node.exe" "C:\Program 
Files\nodejs/node_mo ...
+ 
~~~~~~~~~~~~~~~~~~~~~~~~~~~~~~~~~~~~~~~~~~~~~~~~~~~~~~~~~~~~~~~~~~~~~
    + CategoryInfo          : NotSpecified: ( ÔÜá `experimen...ext.c 
   onfig.mjs.:String) [], RemoteException
    + FullyQualifiedErrorId : NativeCommandError
 
 ÔÜá Invalid next.config.mjs options detected: 
 ÔÜá     Unrecognized key(s) in object: 'instrumentationHook' at 
"experimental"
 ÔÜá See more info here: 
https://nextjs.org/docs/messages/invalid-next-config
   Ôû▓ Next.js 15.5.14
   - Environments: .env.local
   - Experiments (use with caution):
     Ô£ô instrumentationHook
     ┬À clientTraceMetadata

   Creating an optimized production build ...
